Archive member included to satisfy reference by file (symbol)

/opt/st/stm32cubeide_1.18.1/plugins/com.st.stm32cube.ide.mcu.externaltools.gnu-tools-for-stm32.13.3.rel1.linux64_1.0.0.202410170706/tools/bin/../lib/gcc/arm-none-eabi/13.3.1/../../../../arm-none-eabi/lib/thumb/v7e-m+fp/hard/libc_nano.a(libc_a-exit.o)
                              /opt/st/stm32cubeide_1.18.1/plugins/com.st.stm32cube.ide.mcu.externaltools.gnu-tools-for-stm32.13.3.rel1.linux64_1.0.0.202410170706/tools/bin/../lib/gcc/arm-none-eabi/13.3.1/../../../../arm-none-eabi/lib/thumb/v7e-m+fp/hard/crt0.o (exit)
/opt/st/stm32cubeide_1.18.1/plugins/com.st.stm32cube.ide.mcu.externaltools.gnu-tools-for-stm32.13.3.rel1.linux64_1.0.0.202410170706/tools/bin/../lib/gcc/arm-none-eabi/13.3.1/../../../../arm-none-eabi/lib/thumb/v7e-m+fp/hard/libc_nano.a(libc_a-findfp.o)
                              /opt/st/stm32cubeide_1.18.1/plugins/com.st.stm32cube.ide.mcu.externaltools.gnu-tools-for-stm32.13.3.rel1.linux64_1.0.0.202410170706/tools/bin/../lib/gcc/arm-none-eabi/13.3.1/../../../../arm-none-eabi/lib/thumb/v7e-m+fp/hard/libc_nano.a(libc_a-exit.o) (__stdio_exit_handler)
/opt/st/stm32cubeide_1.18.1/plugins/com.st.stm32cube.ide.mcu.externaltools.gnu-tools-for-stm32.13.3.rel1.linux64_1.0.0.202410170706/tools/bin/../lib/gcc/arm-none-eabi/13.3.1/../../../../arm-none-eabi/lib/thumb/v7e-m+fp/hard/libc_nano.a(libc_a-fwalk.o)
                              /opt/st/stm32cubeide_1.18.1/plugins/com.st.stm32cube.ide.mcu.externaltools.gnu-tools-for-stm32.13.3.rel1.linux64_1.0.0.202410170706/tools/bin/../lib/gcc/arm-none-eabi/13.3.1/../../../../arm-none-eabi/lib/thumb/v7e-m+fp/hard/libc_nano.a(libc_a-findfp.o) (_fwalk_sglue)
/opt/st/stm32cubeide_1.18.1/plugins/com.st.stm32cube.ide.mcu.externaltools.gnu-tools-for-stm32.13.3.rel1.linux64_1.0.0.202410170706/tools/bin/../lib/gcc/arm-none-eabi/13.3.1/../../../../arm-none-eabi/lib/thumb/v7e-m+fp/hard/libc_nano.a(libc_a-stdio.o)
                              /opt/st/stm32cubeide_1.18.1/plugins/com.st.stm32cube.ide.mcu.externaltools.gnu-tools-for-stm32.13.3.rel1.linux64_1.0.0.202410170706/tools/bin/../lib/gcc/arm-none-eabi/13.3.1/../../../../arm-none-eabi/lib/thumb/v7e-m+fp/hard/libc_nano.a(libc_a-findfp.o) (__sread)
/opt/st/stm32cubeide_1.18.1/plugins/com.st.stm32cube.ide.mcu.externaltools.gnu-tools-for-stm32.13.3.rel1.linux64_1.0.0.202410170706/tools/bin/../lib/gcc/arm-none-eabi/13.3.1/../../../../arm-none-eabi/lib/thumb/v7e-m+fp/hard/libc_nano.a(libc_a-memcmp.o)
                              ./Middleware/SEGGER/FreeRTOSV11/SEGGER_SYSVIEW_FreeRTOS.o (memcmp)
/opt/st/stm32cubeide_1.18.1/plugins/com.st.stm32cube.ide.mcu.externaltools.gnu-tools-for-stm32.13.3.rel1.linux64_1.0.0.202410170706/tools/bin/../lib/gcc/arm-none-eabi/13.3.1/../../../../arm-none-eabi/lib/thumb/v7e-m+fp/hard/libc_nano.a(libc_a-memset.o)
                              /opt/st/stm32cubeide_1.18.1/plugins/com.st.stm32cube.ide.mcu.externaltools.gnu-tools-for-stm32.13.3.rel1.linux64_1.0.0.202410170706/tools/bin/../lib/gcc/arm-none-eabi/13.3.1/../../../../arm-none-eabi/lib/thumb/v7e-m+fp/hard/crt0.o (memset)
/opt/st/stm32cubeide_1.18.1/plugins/com.st.stm32cube.ide.mcu.externaltools.gnu-tools-for-stm32.13.3.rel1.linux64_1.0.0.202410170706/tools/bin/../lib/gcc/arm-none-eabi/13.3.1/../../../../arm-none-eabi/lib/thumb/v7e-m+fp/hard/libc_nano.a(libc_a-strcat.o)
                              ./Core/Src/oled_display.o (strcat)
/opt/st/stm32cubeide_1.18.1/plugins/com.st.stm32cube.ide.mcu.externaltools.gnu-tools-for-stm32.13.3.rel1.linux64_1.0.0.202410170706/tools/bin/../lib/gcc/arm-none-eabi/13.3.1/../../../../arm-none-eabi/lib/thumb/v7e-m+fp/hard/libc_nano.a(libc_a-closer.o)
                              /opt/st/stm32cubeide_1.18.1/plugins/com.st.stm32cube.ide.mcu.externaltools.gnu-tools-for-stm32.13.3.rel1.linux64_1.0.0.202410170706/tools/bin/../lib/gcc/arm-none-eabi/13.3.1/../../../../arm-none-eabi/lib/thumb/v7e-m+fp/hard/libc_nano.a(libc_a-stdio.o) (_close_r)
/opt/st/stm32cubeide_1.18.1/plugins/com.st.stm32cube.ide.mcu.externaltools.gnu-tools-for-stm32.13.3.rel1.linux64_1.0.0.202410170706/tools/bin/../lib/gcc/arm-none-eabi/13.3.1/../../../../arm-none-eabi/lib/thumb/v7e-m+fp/hard/libc_nano.a(libc_a-reent.o)
                              /opt/st/stm32cubeide_1.18.1/plugins/com.st.stm32cube.ide.mcu.externaltools.gnu-tools-for-stm32.13.3.rel1.linux64_1.0.0.202410170706/tools/bin/../lib/gcc/arm-none-eabi/13.3.1/../../../../arm-none-eabi/lib/thumb/v7e-m+fp/hard/libc_nano.a(libc_a-closer.o) (errno)
/opt/st/stm32cubeide_1.18.1/plugins/com.st.stm32cube.ide.mcu.externaltools.gnu-tools-for-stm32.13.3.rel1.linux64_1.0.0.202410170706/tools/bin/../lib/gcc/arm-none-eabi/13.3.1/../../../../arm-none-eabi/lib/thumb/v7e-m+fp/hard/libc_nano.a(libc_a-impure.o)
[...]
Memory Configuration

Name             Origin             Length             Attributes
CCMRAM           0x10000000         0x00010000         xrw
RAM              0x20000000         0x00020000         xrw
FLASH            0x08000000         0x00100000         xr
*default*        0x00000000         0xffffffff

Linker script and memory map

LOAD /opt/st/stm32cubeide_1.18.1/plugins/com.st.stm32cube.ide.mcu.externaltools.gnu-tools-for-stm32.13.3.rel1.linux64_1.0.0.202410170706/tools/bin/../lib/gcc/arm-none-eabi/13.3.1/thumb/v7e-m+fp/hard/crti.o
LOAD /opt/st/stm32cubeide_1.18.1/plugins/com.st.stm32cube.ide.mcu.externaltools.gnu-tools-for-stm32.13.3.rel1.linux64_1.0.0.202410170706/tools/bin/../lib/gcc/arm-none-eabi/13.3.1/thumb/v7e-m+fp/hard/crtbegin.o
LOAD /opt/st/stm32cubeide_1.18.1/plugins/com.st.stm32cube.ide.mcu.externaltools.gnu-tools-for-stm32.13.3.rel1.linux64_1.0.0.202410170706/tools/bin/../lib/gcc/arm-none-eabi/13.3.1/../../../../arm-none-eabi/lib/thumb/v7e-m+fp/hard/crt0.o
LOAD ./Core/Src/app_tasks.o
LOAD ./Core/Src/can_driver.o
LOAD ./Core/Src/can_security.o
LOAD ./Core/Src/hcsr04_driver.o
LOAD ./Core/Src/main.o
LOAD ./Core/Src/oled_display.o
LOAD ./Core/Src/stm32f4xx_hal_msp.o
LOAD ./Core/Src/stm32f4xx_hal_timebase_tim.o
LOAD ./Core/Src/stm32f4xx_it.o
LOAD ./Core/Src/syscalls.o
LOAD ./Core/Src/system_stm32f4xx.o
LOAD ./Core/Startup/startup_stm32f407vgtx.o
LOAD ./Drivers/STM32F4xx_HAL_Driver/Src/stm32f4xx_hal.o
LOAD ./Drivers/STM32F4xx_HAL_Driver/Src/stm32f4xx_hal_can.o
LOAD ./Drivers/STM32F4xx_HAL_Driver/Src/stm32f4xx_hal_cortex.o
LOAD ./Drivers/STM32F4xx_HAL_Driver/Src/stm32f4xx_hal_dma.o
LOAD ./Drivers/STM32F4xx_HAL_Driver/Src/stm32f4xx_hal_dma_ex.o
LOAD ./Drivers/STM32F4xx_HAL_Driver/Src/stm32f4xx_hal_exti.o
LOAD ./Drivers/STM32F4xx_HAL_Driver/Src/stm32f4xx_hal_flash.o
LOAD ./Drivers/STM32F4xx_HAL_Driver/Src/stm32f4xx_hal_flash_ex.o
LOAD ./Drivers/STM32F4xx_HAL_Driver/Src/stm32f4xx_hal_flash_ramfunc.o
LOAD ./Drivers/STM32F4xx_HAL_Driver/Src/stm32f4xx_hal_gpio.o
LOAD ./Drivers/STM32F4xx_HAL_Driver/Src/stm32f4xx_hal_i2c.o
LOAD ./Drivers/STM32F4xx_HAL_Driver/Src/stm32f4xx_hal_i2c_ex.o
LOAD ./Drivers/STM32F4xx_HAL_Driver/Src/stm32f4xx_hal_iwdg.o
LOAD ./Drivers/STM32F4xx_HAL_Driver/Src/stm32f4xx_hal_pwr.o
LOAD ./Drivers/STM32F4xx_HAL_Driver/Src/stm32f4xx_hal_pwr_ex.o
LOAD ./Drivers/STM32F4xx_HAL_Driver/Src/stm32f4xx_hal_rcc.o
LOAD ./Drivers/STM32F4xx_HAL_Driver/Src/stm32f4xx_hal_rcc_ex.o
LOAD ./Drivers/STM32F4xx_HAL_Driver/Src/stm32f4xx_hal_tim.o
LOAD ./Drivers/STM32F4xx_HAL_Driver/Src/stm32f4xx_hal_tim_ex.o
LOAD ./Middleware/FreeRTOS/croutine.o
LOAD ./Middleware/FreeRTOS/event_groups.o
LOAD ./Middleware/FreeRTOS/list.o
LOAD ./Middleware/FreeRTOS/queue.o
LOAD ./Middleware/FreeRTOS/stream_buffer.o
LOAD ./Middleware/FreeRTOS/tasks.o
LOAD ./Middleware/FreeRTOS/timers.o
LOAD ./Middleware/FreeRTOS/portable/GCC/ARM_CM4F/port.o
LOAD ./Middleware/FreeRTOS/portable/MemMang/heap_4.o
LOAD ./Middleware/SEGGER/Config/SEGGER_SYSVIEW_Config_FreeRTOS.o
LOAD ./Middleware/SEGGER/FreeRTOSV11/SEGGER_SYSVIEW_FreeRTOS.o
LOAD ./Middleware/SEGGER/SEGGER/SEGGER_RTT.o
LOAD ./Middleware/SEGGER/SEGGER/SEGGER_RTT_ASM_ARMv7M.o
LOAD ./Middleware/SEGGER/SEGGER/SEGGER_RTT_printf.o
LOAD ./Middleware/SEGGER/SEGGER/SEGGER_SYSVIEW.o
LOAD ./Middleware/SEGGER/SEGGER/Syscalls/SEGGER_RTT_Syscalls_GCC.o
START GROUP
LOAD /opt/st/stm32cubeide_1.18.1/plugins/com.st.stm32cube.ide.mcu.externaltools.gnu-tools-for-stm32.13.3.rel1.linux64_1.0.0.202410170706/tools/bin/../lib/gcc/arm-none-eabi/13.3.1/../../../../arm-none-eabi/lib/thumb/v7e-m+fp/hard/libc_nano.a
LOAD /opt/st/stm32cubeide_1.18.1/plugins/com.st.stm32cube.ide.mcu.externaltools.gnu-tools-for-stm32.13.3.rel1.linux64_1.0.0.202410170706/tools/bin/../lib/gcc/arm-none-eabi/13.3.1/../../../../arm-none-eabi/lib/thumb/v7e-m+fp/hard/libm.a
END GROUP
START GROUP
LOAD /opt/st/stm32cubeide_1.18.1/plugins/com.st.stm32cube.ide.mcu.externaltools.gnu-tools-for-stm32.13.3.rel1.linux64_1.0.0.202410170706/tools/bin/../lib/gcc/arm-none-eabi/13.3.1/thumb/v7e-m+fp/hard/libgcc.a
LOAD /opt/st/stm32cubeide_1.18.1/plugins/com.st.stm32cube.ide.mcu.externaltools.gnu-tools-for-stm32.13.3.rel1.linux64_1.0.0.202410170706/tools/bin/../lib/gcc/arm-none-eabi/13.3.1/../../../../arm-none-eabi/lib/thumb/v7e-m+fp/hard/libc_nano.a
END GROUP
START GROUP
LOAD /opt/st/stm32cubeide_1.18.1/plugins/com.st.stm32cube.ide.mcu.externaltools.gnu-tools-for-stm32.13.3.rel1.linux64_1.0.0.202410170706/tools/bin/../lib/gcc/arm-none-eabi/13.3.1/thumb/v7e-m+fp/hard/libgcc.a
LOAD /opt/st/stm32cubeide_1.18.1/plugins/com.st.stm32cube.ide.mcu.externaltools.gnu-tools-for-stm32.13.3.rel1.linux64_1.0.0.202410170706/tools/bin/../lib/gcc/arm-none-eabi/13.3.1/../../../../arm-none-eabi/lib/thumb/v7e-m+fp/hard/libc_nano.a
LOAD /opt/st/stm32cubeide_1.18.1/plugins/com.st.stm32cube.ide.mcu.externaltools.gnu-tools-for-stm32.13.3.rel1.linux64_1.0.0.202410170706/tools/bin/../lib/gcc/arm-none-eabi/13.3.1/../../../../arm-none-eabi/lib/thumb/v7e-m+fp/hard/libnosys.a
END GROUP
START GROUP
LOAD /opt/st/stm32cubeide_1.18.1/plugins/com.st.stm32cube.ide.mcu.externaltools.gnu-tools-for-stm32.13.3.rel1.linux64_1.0.0.202410170706/tools/bin/../lib/gcc/arm-none-eabi/13.3.1/thumb/v7e-m+fp/hard/libgcc.a
LOAD /opt/st/stm32cubeide_1.18.1/plugins/com.st.stm32cube.ide.mcu.externaltools.gnu-tools-for-stm32.13.3.rel1.linux64_1.0.0.202410170706/tools/bin/../lib/gcc/arm-none-eabi/13.3.1/../../../../arm-none-eabi/lib/thumb/v7e-m+fp/hard/libc_nano.a
LOAD /opt/st/stm32cubeide_1.18.1/plugins/com.st.stm32cube.ide.mcu.externaltools.gnu-tools-for-stm32.13.3.rel1.linux64_1.0.0.202410170706/tools/bin/../lib/gcc/arm-none-eabi/13.3.1/../../../../arm-none-eabi/lib/thumb/v7e-m+fp/hard/libnosys.a
END GROUP
LOAD /opt/st/stm32cubeide_1.18.1/plugins/com.st.stm32cube.ide.mcu.externaltools.gnu-tools-for-stm32.13.3.rel1.linux64_1.0.0.202410170706/tools/bin/../lib/gcc/arm-none-eabi/13.3.1/thumb/v7e-m+fp/hard/crtend.o
LOAD /opt/st/stm32cubeide_1.18.1/plugins/com.st.stm32cube.ide.mcu.externaltools.gnu-tools-for-stm32.13.3.rel1.linux64_1.0.0.202410170706/tools/bin/../lib/gcc/arm-none-eabi/13.3.1/thumb/v7e-m+fp/hard/crtn.o
                0x20020000                        _estack = (ORIGIN (RAM) + LENGTH (RAM))
                0x00000200                        _Min_Heap_Size = 0x200
                0x00000400                        _Min_Stack_Size = 0x400

.isr_vector     0x08000000      0x188
                0x08000000                        . = ALIGN (0x4)
 *(.isr_vector)
 .isr_vector    0x08000000      0x188 ./Core/Startup/startup_stm32f407vgtx.o
                0x08000000                g_pfnVectors
                0x08000188                        . = ALIGN (0x4)

.text           0x08000190     0xa764
                0x08000190                        . = ALIGN (0x4)
 *(.text)
 .text          0x08000190       0x40 /opt/st/stm32cubeide_1.18.1/plugins/com.st.stm32cube.ide.mcu.externaltools.gnu-tools-for-stm32.13.3.rel1.linux64_1.0.0.202410170706/tools/bin/../lib/gcc/arm-none-eabi/13.3.1/thumb/v7e-m+fp/hard/crtbegin.o
 .text          0x080001d0       0x94 ./Middleware/SEGGER/SEGGER/SEGGER_RTT_ASM_ARMv7M.o
                0x080001d0                SEGGER_RTT_ASM_WriteSkipNoLock
 .text          0x08000264       0x10 /opt/st/stm32cubeide_1.18.1/plugins/com.st.stm32cube.ide.mcu.externaltools.gnu-tools-for-stm32.13.3.rel1.linux64_1.0.0.202410170706/tools/bin/../lib/gcc/arm-none-eabi/13.3.1/../../../../arm-none-eabi/lib/thumb/v7e-m+fp/hard/libc_nano.a(libc_a-strlen.o)
                0x08000264                strlen
 .text          0x08000274       0x30 /opt/st/stm32cubeide_1.18.1/plugins/com.st.stm32cube.ide.mcu.externaltools.gnu-tools-for-stm32.13.3.rel1.linux64_1.0.0.202410170706/tools/bin/../lib/gcc/arm-none-eabi/13.3.1/thumb/v7e-m+fp/hard/libgcc.a(_aeabi_uldivmod.o)
                0x08000274                __aeabi_uldivmod
 .text          0x080002a4      0x2f8 /opt/st/stm32cubeide_1.18.1/plugins/com.st.stm32cube.ide.mcu.externaltools.gnu-tools-for-stm32.13.3.rel1.linux64_1.0.0.202410170706/tools/bin/../lib/gcc/arm-none-eabi/13.3.1/thumb/v7e-m+fp/hard/libgcc.a(_udivmoddi4.o)
                0x080002a4                __udivmoddi4
 .text          0x0800059c        0x4 /opt/st/stm32cubeide_1.18.1/plugins/com.st.stm32cube.ide.mcu.externaltools.gnu-tools-for-stm32.13.3.rel1.linux64_1.0.0.202410170706/tools/bin/../lib/gcc/arm-none-eabi/13.3.1/thumb/v7e-m+fp/hard/libgcc.a(_dvmd_tls.o)
                0x0800059c                __aeabi_ldiv0
                0x0800059c                __aeabi_idiv0
 *(.text*)
 .text.app_display_mailbox_update
                0x080005a0       0x58 ./Core/Src/app_tasks.o
 .text.UltrasonicCaptureTask
                0x080005f8       0x54 ./Core/Src/app_tasks.o
 .text.dist_apply
                0x0800064c       0x32 ./Core/Src/app_tasks.o
 .text.app_classify_distance
                0x0800067e       0x36 ./Core/Src/app_tasks.o
 .text.DistanceProcessingTask
                0x080006b4      0x17c ./Core/Src/app_tasks.o
 .text.tx_apply
                0x08000830       0x2a ./Core/Src/app_tasks.o
 *fill*         0x0800085a        0x2 
 .text.CanTxTask
                0x0800085c       0x78 ./Core/Src/app_tasks.o
 .text.HealthMonitorTask
                0x080008d4       0x94 ./Core/Src/app_tasks.o
 .text.LedStatusTask
                0x08000968       0x7c ./Core/Src/app_tasks.o
 .text.DisplayTask
                0x080009e4       0x44 ./Core/Src/app_tasks.o
 .text.vApplicationStackOverflowHook
                0x08000a28       0x12 ./Core/Src/app_tasks.o
                0x08000a28                vApplicationStackOverflowHook
 *fill*         0x08000a3a        0x2 
 .text.APP_Tasks_Init
                0x08000a3c      0x1f8 ./Core/Src/app_tasks.o
                0x08000a3c                APP_Tasks_Init
 .text.CANDRV_Init
                0x08000c34       0x6e ./Core/Src/can_driver.o
                0x08000c34                CANDRV_Init
 *fill*         0x08000ca2        0x2 
 .text.CANDRV_SendFrame
                0x08000ca4       0xc8 ./Core/Src/can_driver.o
                0x08000ca4                CANDRV_SendFrame
 .text.CANDRV_GetLastCounter
                0x08000d6c       0x1c ./Core/Src/can_driver.o
                0x08000d6c                CANDRV_GetLastCounter
 .text.CANSEC_Crc8
                0x08000d88       0x6e ./Core/Src/can_security.o
                0x08000d88                CANSEC_Crc8
 .text.aes_xtime
                0x08000df6       0x2e ./Core/Src/can_security.o
 .text.aes128_key_expansion
                0x08000e24      0x13c ./Core/Src/can_security.o
 .text.aes_add_round_key
                0x08000f60       0x70 ./Core/Src/can_security.o
 .text.aes_sub_bytes
                0x08000fd0       0x5c ./Core/Src/can_security.o
 .text.aes_shift_rows
                0x0800102c       0xbe ./Core/Src/can_security.o
 .text.aes_mix_columns
                0x080010ea      0x128 ./Core/Src/can_security.o
 .text.aes128_encrypt_block
                0x08001212      0x108 ./Core/Src/can_security.o
 .text.cmac_leftshift_block
                0x0800131a       0x66 ./Core/Src/can_security.o
 .text.cmac_xor_block
                0x08001380       0x48 ./Core/Src/can_security.o
 .text.CANSEC_ComputeTruncatedCmac
                0x080013c8      0x158 ./Core/Src/can_security.o
                0x080013c8                CANSEC_ComputeTruncatedCmac
 .text.hcsr04_delay_us
                0x08001520       0x4c ./Core/Src/hcsr04_driver.o
 .text.HCSR04_Init
                0x0800156c       0x5c ./Core/Src/hcsr04_driver.o
                0x0800156c                HCSR04_Init
 .text.HCSR04_MeasureDistanceCm
                0x080015c8       0x90 ./Core/Src/hcsr04_driver.o
                0x080015c8                HCSR04_MeasureDistanceCm
 .text.HCSR04_IC_CaptureCallback
                0x08001658       0xd0 ./Core/Src/hcsr04_driver.o
                0x08001658                HCSR04_IC_CaptureCallback
 .text.main     0x08001728       0x70 ./Core/Src/main.o
                0x08001728                main
 .text.SystemClock_Config
                0x08001798       0xc0 ./Core/Src/main.o
                0x08001798                SystemClock_Config
 .text.MX_CAN1_Init
                0x08001858       0x6c ./Core/Src/main.o
 .text.MX_I2C1_Init
                0x080018c4       0x5c ./Core/Src/main.o
 .text.MX_IWDG_Init
                0x08001920       0x34 ./Core/Src/main.o
 .text.MX_TIM3_Init
                0x08001954       0xa8 ./Core/Src/main.o
 .text.MX_GPIO_Init
                0x080019fc       0xd0 ./Core/Src/main.o
 .text.HAL_TIM_PeriodElapsedCallback
                0x08001acc       0x24 ./Core/Src/main.o
                0x08001acc                HAL_TIM_PeriodElapsedCallback
 .text.Error_Handler
                0x08001af0        0xc ./Core/Src/main.o
                0x08001af0                Error_Handler
 .text.assert_failed
                0x08001afc       0x12 ./Core/Src/main.o
                0x08001afc                assert_failed
 *fill*         0x08001b0e        0x2 
 .text.oled_write_cmd
                0x08001b10       0x34 ./Core/Src/oled_display.o
 .text.oled_find_glyph
                0x08001b44       0x54 ./Core/Src/oled_display.o
 .text.oled_draw_char
                0x08001b98       0x80 ./Core/Src/oled_display.o
 .text.oled_draw_string
                0x08001c18       0x52 ./Core/Src/oled_display.o
 *fill*         0x08001c6a        0x2 
 .text.oled_draw_bar
                0x08001c6c       0x78 ./Core/Src/oled_display.o
 .text.oled_clear_framebuffer
                0x08001ce4       0x18 ./Core/Src/oled_display.o
 .text.oled_flush
                0x08001cfc       0x68 ./Core/Src/oled_display.o
 .text.OLED_Init
                0x08001d64       0x54 ./Core/Src/oled_display.o
                0x08001d64                OLED_Init
 .text.oled_command_name
                0x08001db8       0x70 ./Core/Src/oled_display.o
 .text.oled_format_u3
                0x08001e28       0x9c ./Core/Src/oled_display.o
 .text.OLED_RenderSnapshot
                0x08001ec4      0x190 ./Core/Src/oled_display.o
                0x08001ec4                OLED_RenderSnapshot
 .text.HAL_MspInit
                0x08002054       0x50 ./Core/Src/stm32f4xx_hal_msp.o
                0x08002054                HAL_MspInit
 .text.HAL_CAN_MspInit
                0x080020a4       0xa0 ./Core/Src/stm32f4xx_hal_msp.o
                0x080020a4                HAL_CAN_MspInit
 .text.HAL_I2C_MspInit
                0x08002144       0x90 ./Core/Src/stm32f4xx_hal_msp.o
                0x08002144                HAL_I2C_MspInit
 .text.HAL_TIM_IC_MspInit
                0x080021d4       0xa0 ./Core/Src/stm32f4xx_hal_msp.o
                0x080021d4                HAL_TIM_IC_MspInit
 .text.HAL_InitTick
                0x08002274       0xe4 ./Core/Src/stm32f4xx_hal_timebase_tim.o
                0x08002274                HAL_InitTick
 .text.NMI_Handler
                0x08002358        0x8 ./Core/Src/stm32f4xx_it.o
                0x08002358                NMI_Handler
 .text.HardFault_Handler
                0x08002360        0x8 ./Core/Src/stm32f4xx_it.o
                0x08002360                HardFault_Handler
 .text.MemManage_Handler
                0x08002368        0x8 ./Core/Src/stm32f4xx_it.o
                0x08002368                MemManage_Handler
 .text.BusFault_Handler
                0x08002370        0x8 ./Core/Src/stm32f4xx_it.o
                0x08002370                BusFault_Handler
 .text.UsageFault_Handler
                0x08002378        0x8 ./Core/Src/stm32f4xx_it.o
                0x08002378                UsageFault_Handler
 .text.DebugMon_Handler
                0x08002380        0xe ./Core/Src/stm32f4xx_it.o
                0x08002380                DebugMon_Handler
 *fill*         0x0800238e        0x2 
 .text.CAN1_RX0_IRQHandler
                0x08002390       0x14 ./Core/Src/stm32f4xx_it.o
                0x08002390                CAN1_RX0_IRQHandler
 .text.TIM1_UP_TIM10_IRQHandler
                0x080023a4       0x14 ./Core/Src/stm32f4xx_it.o
                0x080023a4                TIM1_UP_TIM10_IRQHandler
 .text.TIM3_IRQHandler
                0x080023b8       0x14 ./Core/Src/stm32f4xx_it.o
                0x080023b8                TIM3_IRQHandler
 .text.HAL_TIM_IC_CaptureCallback
                0x080023cc       0x16 ./Core/Src/stm32f4xx_it.o
                0x080023cc                HAL_TIM_IC_CaptureCallback
 *fill*         0x080023e2        0x2 
 .text.SystemInit
                0x080023e4       0x24 ./Core/Src/system_stm32f4xx.o
                0x080023e4                SystemInit
 .text.Reset_Handler
                0x08002408       0x50 ./Core/Startup/startup_stm32f407vgtx.o
                0x08002408                Reset_Handler
 .text.Default_Handler
                0x08002458        0x2 ./Core/Startup/startup_stm32f407vgtx.o
                0x08002458                RTC_Alarm_IRQHandler
                0x08002458                HASH_RNG_IRQHandler
                0x08002458                EXTI2_IRQHandler
                0x08002458                TIM8_CC_IRQHandler
                0x08002458                TIM1_CC_IRQHandler
                0x08002458                DMA2_Stream5_IRQHandler
                0x08002458                DMA1_Stream5_IRQHandler
                0x08002458                PVD_IRQHandler
                0x08002458                SDIO_IRQHandler
                0x08002458                TAMP_STAMP_IRQHandler
                0x08002458                CAN2_RX1_IRQHandler
                0x08002458                EXTI3_IRQHandler
                0x08002458                TIM8_TRG_COM_TIM14_IRQHandler
                0x08002458                TIM8_UP_TIM13_IRQHandler
                0x08002458                I2C3_ER_IRQHandler
                0x08002458                EXTI0_IRQHandler
                0x08002458                I2C2_EV_IRQHandler
                0x08002458                DMA1_Stream2_IRQHandler
                0x08002458                FPU_IRQHandler
                0x08002458                OTG_HS_WKUP_IRQHandler
                0x08002458                CAN2_SCE_IRQHandler
                0x08002458                DMA2_Stream2_IRQHandler
                0x08002458                SPI1_IRQHandler
                0x08002458                TIM6_DAC_IRQHandler
                0x08002458                TIM1_BRK_TIM9_IRQHandler
                0x08002458                DCMI_IRQHandler
                0x08002458                CAN2_RX0_IRQHandler
                0x08002458                DMA2_Stream3_IRQHandler
                0x08002458                USART6_IRQHandler
                0x08002458                USART3_IRQHandler
                0x08002458                CAN1_RX1_IRQHandler
                0x08002458                UART5_IRQHandler
                0x08002458                DMA2_Stream0_IRQHandler
                0x08002458                TIM4_IRQHandler
                0x08002458                I2C1_EV_IRQHandler
                0x08002458                DMA1_Stream6_IRQHandler
                0x08002458                DMA1_Stream1_IRQHandler
                0x08002458                UART4_IRQHandler
                0x08002458                RCC_IRQHandler
                0x08002458                TIM8_BRK_TIM12_IRQHandler
                0x08002458                Default_Handler
                0x08002458                EXTI15_10_IRQHandler
                0x08002458                ADC_IRQHandler
                0x08002458                DMA1_Stream7_IRQHandler
                0x08002458                TIM7_IRQHandler
                0x08002458                CAN2_TX_IRQHandler
                0x08002458                TIM5_IRQHandler
                0x08002458                DMA2_Stream7_IRQHandler
                0x08002458                I2C3_EV_IRQHandler
                0x08002458                EXTI9_5_IRQHandler
                0x08002458                RTC_WKUP_IRQHandler
                0x08002458                ETH_WKUP_IRQHandler
                0x08002458                SPI2_IRQHandler
                0x08002458                OTG_HS_EP1_IN_IRQHandler
                0x08002458                DMA1_Stream0_IRQHandler
                0x08002458                CAN1_TX_IRQHandler
                0x08002458                EXTI4_IRQHandler
                0x08002458                FSMC_IRQHandler
                0x08002458                ETH_IRQHandler
                0x08002458                OTG_HS_EP1_OUT_IRQHandler
                0x08002458                WWDG_IRQHandler
                0x08002458                TIM2_IRQHandler
                0x08002458                OTG_FS_WKUP_IRQHandler
                0x08002458                TIM1_TRG_COM_TIM11_IRQHandler
                0x08002458                OTG_HS_IRQHandler
                0x08002458                EXTI1_IRQHandler
                0x08002458                USART2_IRQHandler
                0x08002458                I2C2_ER_IRQHandler
                0x08002458                DMA2_Stream1_IRQHandler
                0x08002458                CAN1_SCE_IRQHandler
                0x08002458                FLASH_IRQHandler
                0x08002458                DMA2_Stream4_IRQHandler
                0x08002458                USART1_IRQHandler
                0x08002458                OTG_FS_IRQHandler
                0x08002458                SPI3_IRQHandler
                0x08002458                DMA1_Stream4_IRQHandler
                0x08002458                I2C1_ER_IRQHandler
                0x08002458                DMA2_Stream6_IRQHandler
                0x08002458                DMA1_Stream3_IRQHandler
 *fill*         0x0800245a        0x2 
 .text.HAL_Init
                0x0800245c       0x44 ./Drivers/STM32F4xx_HAL_Driver/Src/stm32f4xx_hal.o
                0x0800245c                HAL_Init
 .text.HAL_IncTick
                0x080024a0       0x28 ./Drivers/STM32F4xx_HAL_Driver/Src/stm32f4xx_hal.o
                0x080024a0                HAL_IncTick
 .text.HAL_GetTick
                0x080024c8       0x18 ./Drivers/STM32F4xx_HAL_Driver/Src/stm32f4xx_hal.o
                0x080024c8                HAL_GetTick
 .text.HAL_CAN_Init
                0x080024e0      0x43c ./Drivers/STM32F4xx_HAL_Driver/Src/stm32f4xx_hal_can.o
                0x080024e0                HAL_CAN_Init
 .text.HAL_CAN_ConfigFilter
                0x0800291c      0x298 ./Drivers/STM32F4xx_HAL_Driver/Src/stm32f4xx_hal_can.o
                0x0800291c                HAL_CAN_ConfigFilter
 .text.HAL_CAN_Start
                0x08002bb4       0x88 ./Drivers/STM32F4xx_HAL_Driver/Src/stm32f4xx_hal_can.o
                0x08002bb4                HAL_CAN_Start
 .text.HAL_CAN_AddTxMessage
                0x08002c3c      0x234 ./Drivers/STM32F4xx_HAL_Driver/Src/stm32f4xx_hal_can.o
                0x08002c3c                HAL_CAN_AddTxMessage
 .text.HAL_CAN_GetTxMailboxesFreeLevel
                0x08002e70       0x6a ./Drivers/STM32F4xx_HAL_Driver/Src/stm32f4xx_hal_can.o
                0x08002e70                HAL_CAN_GetTxMailboxesFreeLevel
 .text.HAL_CAN_IRQHandler
                0x08002eda      0x36e ./Drivers/STM32F4xx_HAL_Driver/Src/stm32f4xx_hal_can.o
                0x08002eda                HAL_CAN_IRQHandler
 .text.HAL_CAN_TxMailbox0CompleteCallback
                0x08003248       0x14 ./Drivers/STM32F4xx_HAL_Driver/Src/stm32f4xx_hal_can.o
                0x08003248                HAL_CAN_TxMailbox0CompleteCallback
 .text.HAL_CAN_TxMailbox1CompleteCallback
                0x0800325c       0x14 ./Drivers/STM32F4xx_HAL_Driver/Src/stm32f4xx_hal_can.o
                0x0800325c                HAL_CAN_TxMailbox1CompleteCallback
 .text.HAL_CAN_TxMailbox2CompleteCallback
                0x08003270       0x14 ./Drivers/STM32F4xx_HAL_Driver/Src/stm32f4xx_hal_can.o
                0x08003270                HAL_CAN_TxMailbox2CompleteCallback
 .text.HAL_CAN_TxMailbox0AbortCallback
                0x08003284       0x14 ./Drivers/STM32F4xx_HAL_Driver/Src/stm32f4xx_hal_can.o
                0x08003284                HAL_CAN_TxMailbox0AbortCallback
 .text.HAL_CAN_TxMailbox1AbortCallback
                0x08003298       0x14 ./Drivers/STM32F4xx_HAL_Driver/Src/stm32f4xx_hal_can.o
                0x08003298                HAL_CAN_TxMailbox1AbortCallback
 .text.HAL_CAN_TxMailbox2AbortCallback
                0x080032ac       0x14 ./Drivers/STM32F4xx_HAL_Driver/Src/stm32f4xx_hal_can.o
                0x080032ac                HAL_CAN_TxMailbox2AbortCallback
 .text.HAL_CAN_RxFifo0MsgPendingCallback
                0x080032c0       0x14 ./Drivers/STM32F4xx_HAL_Driver/Src/stm32f4xx_hal_can.o
                0x080032c0                HAL_CAN_RxFifo0MsgPendingCallback
 .text.HAL_CAN_RxFifo0FullCallback
                0x080032d4       0x14 ./Drivers/STM32F4xx_HAL_Driver/Src/stm32f4xx_hal_can.o
                0x080032d4                HAL_CAN_RxFifo0FullCallback
 .text.HAL_CAN_RxFifo1MsgPendingCallback
                0x080032e8       0x14 ./Drivers/STM32F4xx_HAL_Driver/Src/stm32f4xx_hal_can.o
                0x080032e8                HAL_CAN_RxFifo1MsgPendingCallback
 .text.HAL_CAN_RxFifo1FullCallback
                0x080032fc       0x14 ./Drivers/STM32F4xx_HAL_Driver/Src/stm32f4xx_hal_can.o
                0x080032fc                HAL_CAN_RxFifo1FullCallback
 .text.HAL_CAN_SleepCallback
                0x08003310       0x14 ./Drivers/STM32F4xx_HAL_Driver/Src/stm32f4xx_hal_can.o
                0x08003310                HAL_CAN_SleepCallback
 .text.HAL_CAN_WakeUpFromRxMsgCallback
                0x08003324       0x14 ./Drivers/STM32F4xx_HAL_Driver/Src/stm32f4xx_hal_can.o
                0x08003324                HAL_CAN_WakeUpFromRxMsgCallback
 .text.HAL_CAN_ErrorCallback
                0x08003338       0x14 ./Drivers/STM32F4xx_HAL_Driver/Src/stm32f4xx_hal_can.o
                0x08003338                HAL_CAN_ErrorCallback
 .text.__NVIC_SetPriorityGrouping
                0x0800334c       0x48 ./Drivers/STM32F4xx_HAL_Driver/Src/stm32f4xx_hal_cortex.o
 .text.__NVIC_GetPriorityGrouping
                0x08003394       0x1c ./Drivers/STM32F4xx_HAL_Driver/Src/stm32f4xx_hal_cortex.o
 .text.__NVIC_EnableIRQ
                0x080033b0       0x3c ./Drivers/STM32F4xx_HAL_Driver/Src/stm32f4xx_hal_cortex.o
 .text.__NVIC_SetPriority
                0x080033ec       0x54 ./Drivers/STM32F4xx_HAL_Driver/Src/stm32f4xx_hal_cortex.o
 .text.NVIC_EncodePriority
                0x08003440       0x66 ./Drivers/STM32F4xx_HAL_Driver/Src/stm32f4xx_hal_cortex.o
 *fill*         0x080034a6        0x2 
 .text.HAL_NVIC_SetPriorityGrouping
                0x080034a8       0x40 ./Drivers/STM32F4xx_HAL_Driver/Src/stm32f4xx_hal_cortex.o
                0x080034a8                HAL_NVIC_SetPriorityGrouping
 .text.HAL_NVIC_SetPriority
                0x080034e8       0x58 ./Drivers/STM32F4xx_HAL_Driver/Src/stm32f4xx_hal_cortex.o
                0x080034e8                HAL_NVIC_SetPriority
 .text.HAL_NVIC_EnableIRQ
                0x08003540       0x30 ./Drivers/STM32F4xx_HAL_Driver/Src/stm32f4xx_hal_cortex.o
                0x08003540                HAL_NVIC_EnableIRQ
 .text.HAL_GPIO_Init
                0x08003570      0x5c0 ./Drivers/STM32F4xx_HAL_Driver/Src/stm32f4xx_hal_gpio.o
                0x08003570                HAL_GPIO_Init
 .text.HAL_GPIO_ReadPin
                0x08003b30       0x40 ./Drivers/STM32F4xx_HAL_Driver/Src/stm32f4xx_hal_gpio.o
                0x08003b30                HAL_GPIO_ReadPin
 .text.HAL_GPIO_WritePin
                0x08003b70       0x58 ./Drivers/STM32F4xx_HAL_Driver/Src/stm32f4xx_hal_gpio.o
                0x08003b70                HAL_GPIO_WritePin
 .text.HAL_I2C_Init
                0x08003bc8      0x390 ./Drivers/STM32F4xx_HAL_Driver/Src/stm32f4xx_hal_i2c.o
                0x08003bc8                HAL_I2C_Init
 .text.HAL_I2C_Mem_Write
                0x08003f58      0x20c ./Drivers/STM32F4xx_HAL_Driver/Src/stm32f4xx_hal_i2c.o
                0x08003f58                HAL_I2C_Mem_Write
 .text.I2C_RequestMemoryWrite
                0x08004164      0x12c ./Drivers/STM32F4xx_HAL_Driver/Src/stm32f4xx_hal_i2c.o
 .text.I2C_WaitOnFlagUntilTimeout
                0x08004290       0xf4 ./Drivers/STM32F4xx_HAL_Driver/Src/stm32f4xx_hal_i2c.o
 .text.I2C_WaitOnMasterAddressFlagUntilTimeout
                0x08004384      0x140 ./Drivers/STM32F4xx_HAL_Driver/Src/stm32f4xx_hal_i2c.o
 .text.I2C_WaitOnTXEFlagUntilTimeout
                0x080044c4       0x90 ./Drivers/STM32F4xx_HAL_Driver/Src/stm32f4xx_hal_i2c.o
 .text.I2C_WaitOnBTFFlagUntilTimeout
                0x08004554       0x90 ./Drivers/STM32F4xx_HAL_Driver/Src/stm32f4xx_hal_i2c.o
 .text.I2C_IsAcknowledgeFailed
                0x080045e4       0x5e ./Drivers/STM32F4xx_HAL_Driver/Src/stm32f4xx_hal_i2c.o
 *fill*         0x08004642        0x2 
 .text.HAL_IWDG_Init
                0x08004644       0xf4 ./Drivers/STM32F4xx_HAL_Driver/Src/stm32f4xx_hal_iwdg.o
                0x08004644                HAL_IWDG_Init
 .text.HAL_IWDG_Refresh
                0x08004738       0x20 ./Drivers/STM32F4xx_HAL_Driver/Src/stm32f4xx_hal_iwdg.o
                0x08004738                HAL_IWDG_Refresh
 .text.HAL_RCC_OscConfig
                0x08004758      0x658 ./Drivers/STM32F4xx_HAL_Driver/Src/stm32f4xx_hal_rcc.o
                0x08004758                HAL_RCC_OscConfig
 .text.HAL_RCC_ClockConfig
                0x08004db0      0x31c ./Drivers/STM32F4xx_HAL_Driver/Src/stm32f4xx_hal_rcc.o
                0x08004db0                HAL_RCC_ClockConfig
 .text.HAL_RCC_GetSysClockFreq
                0x080050cc      0x18c ./Drivers/STM32F4xx_HAL_Driver/Src/stm32f4xx_hal_rcc.o
                0x080050cc                HAL_RCC_GetSysClockFreq
 .text.HAL_RCC_GetHCLKFreq
                0x08005258       0x18 ./Drivers/STM32F4xx_HAL_Driver/Src/stm32f4xx_hal_rcc.o
                0x08005258                HAL_RCC_GetHCLKFreq
 .text.HAL_RCC_GetPCLK1Freq
                0x08005270       0x28 ./Drivers/STM32F4xx_HAL_Driver/Src/stm32f4xx_hal_rcc.o
                0x08005270                HAL_RCC_GetPCLK1Freq
 .text.HAL_RCC_GetPCLK2Freq
                0x08005298       0x28 ./Drivers/STM32F4xx_HAL_Driver/Src/stm32f4xx_hal_rcc.o
                0x08005298                HAL_RCC_GetPCLK2Freq
 .text.HAL_RCC_GetClockConfig
                0x080052c0       0x64 ./Drivers/STM32F4xx_HAL_Driver/Src/stm32f4xx_hal_rcc.o
                0x080052c0                HAL_RCC_GetClockConfig
 .text.HAL_TIM_Base_Init
                0x08005324      0x230 ./Drivers/STM32F4xx_HAL_Driver/Src/stm32f4xx_hal_tim.o
                0x08005324                HAL_TIM_Base_Init
 .text.HAL_TIM_Base_MspInit
                0x08005554       0x14 ./Drivers/STM32F4xx_HAL_Driver/Src/stm32f4xx_hal_tim.o
                0x08005554                HAL_TIM_Base_MspInit
 .text.HAL_TIM_Base_Start_IT
                0x08005568      0x18c ./Drivers/STM32F4xx_HAL_Driver/Src/stm32f4xx_hal_tim.o
                0x08005568                HAL_TIM_Base_Start_IT
 .text.HAL_TIM_IC_Init
                0x080056f4      0x230 ./Drivers/STM32F4xx_HAL_Driver/Src/stm32f4xx_hal_tim.o
                0x080056f4                HAL_TIM_IC_Init
 .text.HAL_TIM_IC_Start_IT
                0x08005924      0x3d4 ./Drivers/STM32F4xx_HAL_Driver/Src/stm32f4xx_hal_tim.o
                0x08005924                HAL_TIM_IC_Start_IT
 .text.HAL_TIM_IRQHandler
                0x08005cf8      0x1e0 ./Drivers/STM32F4xx_HAL_Driver/Src/stm32f4xx_hal_tim.o
                0x08005cf8                HAL_TIM_IRQHandler
 .text.HAL_TIM_IC_ConfigChannel
                0x08005ed8      0x368 ./Drivers/STM32F4xx_HAL_Driver/Src/stm32f4xx_hal_tim.o
                0x08005ed8                HAL_TIM_IC_ConfigChannel
 .text.HAL_TIM_ReadCapturedValue
                0x08006240      0x21c ./Drivers/STM32F4xx_HAL_Driver/Src/stm32f4xx_hal_tim.o
                0x08006240                HAL_TIM_ReadCapturedValue
 .text.HAL_TIM_OC_DelayElapsedCallback
                0x0800645c       0x14 ./Drivers/STM32F4xx_HAL_Driver/Src/stm32f4xx_hal_tim.o
                0x0800645c                HAL_TIM_OC_DelayElapsedCallback
 .text.HAL_TIM_PWM_PulseFinishedCallback
                0x08006470       0x14 ./Drivers/STM32F4xx_HAL_Driver/Src/stm32f4xx_hal_tim.o
                0x08006470                HAL_TIM_PWM_PulseFinishedCallback
 .text.HAL_TIM_TriggerCallback
                0x08006484       0x14 ./Drivers/STM32F4xx_HAL_Driver/Src/stm32f4xx_hal_tim.o
                0x08006484                HAL_TIM_TriggerCallback
 .text.TIM_Base_SetConfig
                0x08006498      0x14c ./Drivers/STM32F4xx_HAL_Driver/Src/stm32f4xx_hal_tim.o
                0x08006498                TIM_Base_SetConfig
 .text.TIM_TI1_SetConfig
                0x080065e4       0xe8 ./Drivers/STM32F4xx_HAL_Driver/Src/stm32f4xx_hal_tim.o
                0x080065e4                TIM_TI1_SetConfig
 .text.TIM_TI2_SetConfig
                0x080066cc       0x7a ./Drivers/STM32F4xx_HAL_Driver/Src/stm32f4xx_hal_tim.o
 .text.TIM_TI3_SetConfig
                0x08006746       0x78 ./Drivers/STM32F4xx_HAL_Driver/Src/stm32f4xx_hal_tim.o
 .text.TIM_TI4_SetConfig
                0x080067be       0x7a ./Drivers/STM32F4xx_HAL_Driver/Src/stm32f4xx_hal_tim.o
 .text.TIM_CCxChannelCmd
                0x08006838      0x108 ./Drivers/STM32F4xx_HAL_Driver/Src/stm32f4xx_hal_tim.o
                0x08006838                TIM_CCxChannelCmd
 .text.HAL_TIMEx_MasterConfigSynchronization
                0x08006940      0x1bc ./Drivers/STM32F4xx_HAL_Driver/Src/stm32f4xx_hal_tim_ex.o
                0x08006940                HAL_TIMEx_MasterConfigSynchronization
 .text.HAL_TIMEx_CommutCallback
                0x08006afc       0x14 ./Drivers/STM32F4xx_HAL_Driver/Src/stm32f4xx_hal_tim_ex.o
                0x08006afc                HAL_TIMEx_CommutCallback
 .text.HAL_TIMEx_BreakCallback
                0x08006b10       0x14 ./Drivers/STM32F4xx_HAL_Driver/Src/stm32f4xx_hal_tim_ex.o
                0x08006b10                HAL_TIMEx_BreakCallback
 .text.vListInitialise
                0x08006b24       0x40 ./Middleware/FreeRTOS/list.o
                0x08006b24                vListInitialise
 .text.vListInitialiseItem
                0x08006b64       0x1a ./Middleware/FreeRTOS/list.o
                0x08006b64                vListInitialiseItem
 .text.vListInsert
                0x08006b7e       0x72 ./Middleware/FreeRTOS/list.o
                0x08006b7e                vListInsert
 .text.uxListRemove
                0x08006bf0       0x54 ./Middleware/FreeRTOS/list.o
                0x08006bf0                uxListRemove
 .text.xQueueGenericReset
                0x08006c44      0x124 ./Middleware/FreeRTOS/queue.o
                0x08006c44                xQueueGenericReset
 .text.xQueueGenericCreate
                0x08006d68       0x9e ./Middleware/FreeRTOS/queue.o
                0x08006d68                xQueueGenericCreate
 .text.prvInitialiseNewQueue
                0x08006e06       0x46 ./Middleware/FreeRTOS/queue.o
 .text.xQueueGenericSend
                0x08006e4c      0x1d4 ./Middleware/FreeRTOS/queue.o
                0x08006e4c                xQueueGenericSend
 .text.xQueueGiveFromISR
                0x08007020      0x150 ./Middleware/FreeRTOS/queue.o
                0x08007020                xQueueGiveFromISR
 .text.xQueueReceive
                0x08007170      0x194 ./Middleware/FreeRTOS/queue.o
                0x08007170                xQueueReceive
 .text.xQueueSemaphoreTake
                0x08007304      0x1d0 ./Middleware/FreeRTOS/queue.o
                0x08007304                xQueueSemaphoreTake
 .text.xQueuePeek
                0x080074d4      0x198 ./Middleware/FreeRTOS/queue.o
                0x080074d4                xQueuePeek
 .text.prvGetDisinheritPriorityAfterTimeout
                0x0800766c       0x30 ./Middleware/FreeRTOS/queue.o
 .text.prvCopyDataToQueue
                0x0800769c       0xd4 ./Middleware/FreeRTOS/queue.o
 .text.prvCopyDataFromQueue
                0x08007770       0x4c ./Middleware/FreeRTOS/queue.o
 .text.prvUnlockQueue
                0x080077bc       0xa4 ./Middleware/FreeRTOS/queue.o
 .text.prvIsQueueEmpty
                0x08007860       0x2c ./Middleware/FreeRTOS/queue.o
 .text.prvIsQueueFull
                0x0800788c       0x30 ./Middleware/FreeRTOS/queue.o
 .text.xTaskCreate
                0x080078bc       0x8c ./Middleware/FreeRTOS/tasks.o
                0x080078bc                xTaskCreate
 .text.prvInitialiseNewTask
                0x08007948      0x120 ./Middleware/FreeRTOS/tasks.o
 .text.prvAddNewTaskToReadyList
                0x08007a68      0x168 ./Middleware/FreeRTOS/tasks.o
 .text.xTaskDelayUntil
                0x08007bd0      0x104 ./Middleware/FreeRTOS/tasks.o
                0x08007bd0                xTaskDelayUntil
 .text.vTaskStartScheduler
                0x08007cd4       0xb8 ./Middleware/FreeRTOS/tasks.o
                0x08007cd4                vTaskStartScheduler
 .text.vTaskSuspendAll
                0x08007d8c       0x1c ./Middleware/FreeRTOS/tasks.o
                0x08007d8c                vTaskSuspendAll
 .text.xTaskResumeAll
                0x08007da8      0x200 ./Middleware/FreeRTOS/tasks.o
                0x08007da8                xTaskResumeAll
 .text.xTaskGetTickCount
                0x08007fa8       0x20 ./Middleware/FreeRTOS/tasks.o
                0x08007fa8                xTaskGetTickCount
 .text.uxTaskGetNumberOfTasks
                0x08007fc8       0x18 ./Middleware/FreeRTOS/tasks.o
                0x08007fc8                uxTaskGetNumberOfTasks
 .text.xTaskIncrementTick
                0x08007fe0      0x238 ./Middleware/FreeRTOS/tasks.o
                0x08007fe0                xTaskIncrementTick
 .text.vTaskSwitchContext
                0x08008218      0x124 ./Middleware/FreeRTOS/tasks.o
                0x08008218                vTaskSwitchContext
 .text.vTaskPlaceOnEventList
                0x0800833c       0x4c ./Middleware/FreeRTOS/tasks.o
                0x0800833c                vTaskPlaceOnEventList
 .text.xTaskRemoveFromEventList
                0x08008388      0x1b4 ./Middleware/FreeRTOS/tasks.o
                0x08008388                xTaskRemoveFromEventList
 .text.vTaskInternalSetTimeOutState
                0x0800853c       0x2c ./Middleware/FreeRTOS/tasks.o
                0x0800853c                vTaskInternalSetTimeOutState
 .text.xTaskCheckForTimeOut
                0x08008568       0xd0 ./Middleware/FreeRTOS/tasks.o
                0x08008568                xTaskCheckForTimeOut
 .text.vTaskMissedYield
                0x08008638       0x18 ./Middleware/FreeRTOS/tasks.o
                0x08008638                vTaskMissedYield
 .text.prvIdleTask
                0x08008650       0x30 ./Middleware/FreeRTOS/tasks.o
 .text.prvInitialiseTaskLists
                0x08008680       0x80 ./Middleware/FreeRTOS/tasks.o
 .text.prvCheckTasksWaitingTermination
                0x08008700       0x5c ./Middleware/FreeRTOS/tasks.o
 .text.prvDeleteTCB
                0x0800875c       0x20 ./Middleware/FreeRTOS/tasks.o
 .text.prvResetNextTaskUnblockTime
                0x0800877c       0x38 ./Middleware/FreeRTOS/tasks.o
 .text.xTaskPriorityInherit
                0x080087b4      0x144 ./Middleware/FreeRTOS/tasks.o
                0x080087b4                xTaskPriorityInherit
 .text.xTaskPriorityDisinherit
                0x080088f8      0x154 ./Middleware/FreeRTOS/tasks.o
                0x080088f8                xTaskPriorityDisinherit
 .text.vTaskPriorityDisinheritAfterTimeout
                0x08008a4c      0x180 ./Middleware/FreeRTOS/tasks.o
                0x08008a4c                vTaskPriorityDisinheritAfterTimeout
 .text.pvTaskIncrementMutexHeldCount
                0x08008bcc       0x28 ./Middleware/FreeRTOS/tasks.o
                0x08008bcc                pvTaskIncrementMutexHeldCount
 .text.prvAddCurrentTaskToDelayedList
                0x08008bf4      0x100 ./Middleware/FreeRTOS/tasks.o
 .text.pxPortInitialiseStack
                0x08008cf4       0x68 ./Middleware/FreeRTOS/portable/GCC/ARM_CM4F/port.o
                0x08008cf4                pxPortInitialiseStack
 .text.prvTaskExitError
                0x08008d5c       0x5c ./Middleware/FreeRTOS/portable/GCC/ARM_CM4F/port.o
 *fill*         0x08008db8        0x8 
 .text.SVC_Handler
                0x08008dc0       0x28 ./Middleware/FreeRTOS/portable/GCC/ARM_CM4F/port.o
                0x08008dc0                SVC_Handler
 .text.prvPortStartFirstTask
                0x08008de8       0x2c ./Middleware/FreeRTOS/portable/GCC/ARM_CM4F/port.o
 .text.xPortStartScheduler
                0x08008e14      0x148 ./Middleware/FreeRTOS/portable/GCC/ARM_CM4F/port.o
                0x08008e14                xPortStartScheduler
 .text.vPortEnterCritical
                0x08008f5c       0x64 ./Middleware/FreeRTOS/portable/GCC/ARM_CM4F/port.o
                0x08008f5c                vPortEnterCritical
 .text.vPortExitCritical
                0x08008fc0       0x54 ./Middleware/FreeRTOS/portable/GCC/ARM_CM4F/port.o
                0x08008fc0                vPortExitCritical
 *fill*         0x08009014        0xc 
 .text.PendSV_Handler
                0x08009020       0x68 ./Middleware/FreeRTOS/portable/GCC/ARM_CM4F/port.o
                0x08009020                PendSV_Handler
 .text.SysTick_Handler
                0x08009088       0x44 ./Middleware/FreeRTOS/portable/GCC/ARM_CM4F/port.o
                0x08009088                SysTick_Handler
 .text.vPortSetupTimerInterrupt
                0x080090cc       0x48 ./Middleware/FreeRTOS/portable/GCC/ARM_CM4F/port.o
                0x080090cc                vPortSetupTimerInterrupt
 .text.vPortEnableVFP
                0x08009114       0x18 ./Middleware/FreeRTOS/portable/GCC/ARM_CM4F/port.o
 .text.vPortValidateInterruptPriority
                0x0800912c       0x84 ./Middleware/FreeRTOS/portable/GCC/ARM_CM4F/port.o
                0x0800912c                vPortValidateInterruptPriority
 .text.pvPortMalloc
                0x080091b0      0x178 ./Middleware/FreeRTOS/portable/MemMang/heap_4.o
                0x080091b0                pvPortMalloc
 .text.vPortFree
                0x08009328       0xb4 ./Middleware/FreeRTOS/portable/MemMang/heap_4.o
                0x08009328                vPortFree
 .text.prvHeapInit
                0x080093dc       0xb8 ./Middleware/FreeRTOS/portable/MemMang/heap_4.o
 .text.prvInsertBlockIntoFreeList
                0x08009494       0xb4 ./Middleware/FreeRTOS/portable/MemMang/heap_4.o
 .text.SYSVIEW_AddTask
                0x08009548       0xd0 ./Middleware/SEGGER/FreeRTOSV11/SEGGER_SYSVIEW_FreeRTOS.o
                0x08009548                SYSVIEW_AddTask
 .text.SYSVIEW_SendTaskInfo
                0x08009618       0x42 ./Middleware/SEGGER/FreeRTOSV11/SEGGER_SYSVIEW_FreeRTOS.o
                0x08009618                SYSVIEW_SendTaskInfo
 *fill*         0x0800965a        0x2 
 .text._DoInit  0x0800965c       0xb4 ./Middleware/SEGGER/SEGGER/SEGGER_RTT.o
 .text.SEGGER_RTT_ReadNoLock
                0x08009710      0x10c ./Middleware/SEGGER/SEGGER/SEGGER_RTT.o
                0x08009710                SEGGER_RTT_ReadNoLock
 .text._EncodeStr
                0x0800981c       0x60 ./Middleware/SEGGER/SEGGER/SEGGER_SYSVIEW.o
 .text._PreparePacket
                0x0800987c       0x18 ./Middleware/SEGGER/SEGGER/SEGGER_SYSVIEW.o
 .text._HandleIncomingPacket
                0x08009894       0xdc ./Middleware/SEGGER/SEGGER/SEGGER_SYSVIEW.o
 .text._TrySendOverflowPacket
                0x08009970       0xe4 ./Middleware/SEGGER/SEGGER/SEGGER_SYSVIEW.o
 .text._SendPacket
                0x08009a54      0x2dc ./Middleware/SEGGER/SEGGER/SEGGER_SYSVIEW.o
 .text.SEGGER_SYSVIEW_RecordVoid
                0x08009d30       0x3c ./Middleware/SEGGER/SEGGER/SEGGER_SYSVIEW.o
                0x08009d30                SEGGER_SYSVIEW_RecordVoid
 .text.SEGGER_SYSVIEW_RecordU32
                0x08009d6c       0x78 ./Middleware/SEGGER/SEGGER/SEGGER_SYSVIEW.o
                0x08009d6c                SEGGER_SYSVIEW_RecordU32
 .text.SEGGER_SYSVIEW_RecordU32x2
                0x08009de4       0xb4 ./Middleware/SEGGER/SEGGER/SEGGER_SYSVIEW.o
                0x08009de4                SEGGER_SYSVIEW_RecordU32x2
 .text.SEGGER_SYSVIEW_Start
                0x08009e98      0x174 ./Middleware/SEGGER/SEGGER/SEGGER_SYSVIEW.o
                0x08009e98                SEGGER_SYSVIEW_Start
 .text.SEGGER_SYSVIEW_Stop
                0x0800a00c       0x4c ./Middleware/SEGGER/SEGGER/SEGGER_SYSVIEW.o
                0x0800a00c                SEGGER_SYSVIEW_Stop
 .text.SEGGER_SYSVIEW_GetSysDesc
                0x0800a058      0x134 ./Middleware/SEGGER/SEGGER/SEGGER_SYSVIEW.o
                0x0800a058                SEGGER_SYSVIEW_GetSysDesc
 .text.SEGGER_SYSVIEW_SendTaskInfo
                0x0800a18c      0x1c8 ./Middleware/SEGGER/SEGGER/SEGGER_SYSVIEW.o
                0x0800a18c                SEGGER_SYSVIEW_SendTaskInfo
 .text.SEGGER_SYSVIEW_SendTaskList
                0x0800a354       0x28 ./Middleware/SEGGER/SEGGER/SEGGER_SYSVIEW.o
                0x0800a354                SEGGER_SYSVIEW_SendTaskList
 .text.SEGGER_SYSVIEW_RecordSystime
                0x0800a37c       0x64 ./Middleware/SEGGER/SEGGER/SEGGER_SYSVIEW.o
                0x0800a37c                SEGGER_SYSVIEW_RecordSystime
 .text.SEGGER_SYSVIEW_OnIdle
                0x0800a3e0       0x38 ./Middleware/SEGGER/SEGGER/SEGGER_SYSVIEW.o
                0x0800a3e0                SEGGER_SYSVIEW_OnIdle
 .text.SEGGER_SYSVIEW_OnTaskCreate
                0x0800a418       0x84 ./Middleware/SEGGER/SEGGER/SEGGER_SYSVIEW.o
                0x0800a418                SEGGER_SYSVIEW_OnTaskCreate
 .text.SEGGER_SYSVIEW_OnTaskStartExec
                0x0800a49c       0x84 ./Middleware/SEGGER/SEGGER/SEGGER_SYSVIEW.o
                0x0800a49c                SEGGER_SYSVIEW_OnTaskStartExec
 .text.SEGGER_SYSVIEW_OnTaskStartReady
                0x0800a520       0x84 ./Middleware/SEGGER/SEGGER/SEGGER_SYSVIEW.o
                0x0800a520                SEGGER_SYSVIEW_OnTaskStartReady
 .text.SEGGER_SYSVIEW_SendModule
                0x0800a5a4      0x114 ./Middleware/SEGGER/SEGGER/SEGGER_SYSVIEW.o
                0x0800a5a4                SEGGER_SYSVIEW_SendModule
 .text.SEGGER_SYSVIEW_SendModuleDescription
                0x0800a6b8       0x3c ./Middleware/SEGGER/SEGGER/SEGGER_SYSVIEW.o
                0x0800a6b8                SEGGER_SYSVIEW_SendModuleDescription
 .text.SEGGER_SYSVIEW_SendNumModules
                0x0800a6f4       0x7c ./Middleware/SEGGER/SEGGER/SEGGER_SYSVIEW.o
                0x0800a6f4                SEGGER_SYSVIEW_SendNumModules
 .text.SEGGER_SYSVIEW_Warn
                0x0800a770       0xb8 ./Middleware/SEGGER/SEGGER/SEGGER_SYSVIEW.o
                0x0800a770                SEGGER_SYSVIEW_Warn
 .text.memcmp   0x0800a828       0x20 /opt/st/stm32cubeide_1.18.1/plugins/com.st.stm32cube.ide.mcu.externaltools.gnu-tools-for-stm32.13.3.rel1.linux64_1.0.0.202410170706/tools/bin/../lib/gcc/arm-none-eabi/13.3.1/../../../../arm-none-eabi/lib/thumb/v7e-m+fp/hard/libc_nano.a(libc_a-memcmp.o)
                0x0800a828                memcmp
 .text.memset   0x0800a848       0x10 /opt/st/stm32cubeide_1.18.1/plugins/com.st.stm32cube.ide.mcu.externaltools.gnu-tools-for-stm32.13.3.rel1.linux64_1.0.0.202410170706/tools/bin/../lib/gcc/arm-none-eabi/13.3.1/../../../../arm-none-eabi/lib/thumb/v7e-m+fp/hard/libc_nano.a(libc_a-memset.o)
                0x0800a848                memset
 .text.strcat   0x0800a858       0x1e /opt/st/stm32cubeide_1.18.1/plugins/com.st.stm32cube.ide.mcu.externaltools.gnu-tools-for-stm32.13.3.rel1.linux64_1.0.0.202410170706/tools/bin/../lib/gcc/arm-none-eabi/13.3.1/../../../../arm-none-eabi/lib/thumb/v7e-m+fp/hard/libc_nano.a(libc_a-strcat.o)
                0x0800a858                strcat
 *fill*         0x0800a876        0x2 
 .text.__libc_init_array
                0x0800a878       0x48 /opt/st/stm32cubeide_1.18.1/plugins/com.st.stm32cube.ide.mcu.externaltools.gnu-tools-for-stm32.13.3.rel1.linux64_1.0.0.202410170706/tools/bin/../lib/gcc/arm-none-eabi/13.3.1/../../../../arm-none-eabi/lib/thumb/v7e-m+fp/hard/libc_nano.a(libc_a-init.o)
                0x0800a878                __libc_init_array
 .text.memcpy   0x0800a8c0       0x1c /opt/st/stm32cubeide_1.18.1/plugins/com.st.stm32cube.ide.mcu.externaltools.gnu-tools-for-stm32.13.3.rel1.linux64_1.0.0.202410170706/tools/bin/../lib/gcc/arm-none-eabi/13.3.1/../../../../arm-none-eabi/lib/thumb/v7e-m+fp/hard/libc_nano.a(libc_a-memcpy-stub.o)
                0x0800a8c0                memcpy
 *(.glue_7)
 .glue_7        0x0800a8dc        0x0 linker stubs
 *(.glue_7t)
 .glue_7t       0x0800a8dc        0x0 linker stubs
 *(.eh_frame)
 .eh_frame      0x0800a8dc        0x0 /opt/st/stm32cubeide_1.18.1/plugins/com.st.stm32cube.ide.mcu.externaltools.gnu-tools-for-stm32.13.3.rel1.linux64_1.0.0.202410170706/tools/bin/../lib/gcc/arm-none-eabi/13.3.1/thumb/v7e-m+fp/hard/crtbegin.o
 *(.init)
 .init          0x0800a8dc        0x4 /opt/st/stm32cubeide_1.18.1/plugins/com.st.stm32cube.ide.mcu.externaltools.gnu-tools-for-stm32.13.3.rel1.linux64_1.0.0.202410170706/tools/bin/../lib/gcc/arm-none-eabi/13.3.1/thumb/v7e-m+fp/hard/crti.o
                0x0800a8dc                _init
 .init          0x0800a8e0        0x8 /opt/st/stm32cubeide_1.18.1/plugins/com.st.stm32cube.ide.mcu.externaltools.gnu-tools-for-stm32.13.3.rel1.linux64_1.0.0.202410170706/tools/bin/../lib/gcc/arm-none-eabi/13.3.1/thumb/v7e-m+fp/hard/crtn.o
 *(.fini)
 .fini          0x0800a8e8        0x4 /opt/st/stm32cubeide_1.18.1/plugins/com.st.stm32cube.ide.mcu.externaltools.gnu-tools-for-stm32.13.3.rel1.linux64_1.0.0.202410170706/tools/bin/../lib/gcc/arm-none-eabi/13.3.1/thumb/v7e-m+fp/hard/crti.o
                0x0800a8e8                _fini
 .fini          0x0800a8ec        0x8 /opt/st/stm32cubeide_1.18.1/plugins/com.st.stm32cube.ide.mcu.externaltools.gnu-tools-for-stm32.13.3.rel1.linux64_1.0.0.202410170706/tools/bin/../lib/gcc/arm-none-eabi/13.3.1/thumb/v7e-m+fp/hard/crtn.o
                0x0800a8f4                        . = ALIGN (0x4)
                0x0800a8f4                        _etext = .

.vfp11_veneer   0x0800a8f4        0x0
 .vfp11_veneer  0x0800a8f4        0x0 linker stubs

.v4_bx          0x0800a8f4        0x0
 .v4_bx         0x0800a8f4        0x0 linker stubs

.iplt           0x0800a8f4        0x0
 .iplt          0x0800a8f4        0x0 /opt/st/stm32cubeide_1.18.1/plugins/com.st.stm32cube.ide.mcu.externaltools.gnu-tools-for-stm32.13.3.rel1.linux64_1.0.0.202410170706/tools/bin/../lib/gcc/arm-none-eabi/13.3.1/thumb/v7e-m+fp/hard/crtbegin.o

.rodata         0x0800a8f4      0x51c
                0x0800a8f4                        . = ALIGN (0x4)
 *(.rodata)
 .rodata        0x0800a8f4       0x34 ./Core/Src/app_tasks.o
 .rodata        0x0800a928       0x88 ./Core/Src/oled_display.o
 .rodata        0x0800a9b0       0x38 ./Drivers/STM32F4xx_HAL_Driver/Src/stm32f4xx_hal_can.o
 .rodata        0x0800a9e8       0x3b ./Drivers/STM32F4xx_HAL_Driver/Src/stm32f4xx_hal_cortex.o
 *fill*         0x0800aa23        0x1 
 .rodata        0x0800aa24       0x39 ./Drivers/STM32F4xx_HAL_Driver/Src/stm32f4xx_hal_gpio.o
 *fill*         0x0800aa5d        0x3 
 .rodata        0x0800aa60       0x38 ./Drivers/STM32F4xx_HAL_Driver/Src/stm32f4xx_hal_i2c.o
 .rodata        0x0800aa98       0x39 ./Drivers/STM32F4xx_HAL_Driver/Src/stm32f4xx_hal_iwdg.o
 *fill*         0x0800aad1        0x3 
 .rodata        0x0800aad4       0x38 ./Drivers/STM32F4xx_HAL_Driver/Src/stm32f4xx_hal_rcc.o
 .rodata        0x0800ab0c       0x38 ./Drivers/STM32F4xx_HAL_Driver/Src/stm32f4xx_hal_tim.o
 .rodata        0x0800ab44       0x3b ./Drivers/STM32F4xx_HAL_Driver/Src/stm32f4xx_hal_tim_ex.o
 *fill*         0x0800ab7f        0x1 
 .rodata        0x0800ab80        0x5 ./Middleware/FreeRTOS/tasks.o
 *fill*         0x0800ab85        0x3 
 .rodata        0x0800ab88       0x58 ./Middleware/SEGGER/FreeRTOSV11/SEGGER_SYSVIEW_FreeRTOS.o
 .rodata        0x0800abe0        0x9 ./Middleware/SEGGER/SEGGER/SEGGER_RTT.o
 *(.rodata*)
 *fill*         0x0800abe9        0x3 
 .rodata.ACC_PSK
                0x0800abec       0x10 ./Core/Src/can_driver.o
 .rodata.s_sbox
                0x0800abfc      0x100 ./Core/Src/can_security.o
 .rodata.s_rcon
                0x0800acfc        0xa ./Core/Src/can_security.o
 *fill*         0x0800ad06        0x2 
 .rodata.s_font
                0x0800ad08       0xb4 ./Core/Src/oled_display.o
 .rodata.init_seq.0
                0x0800adbc       0x16 ./Core/Src/oled_display.o
 *fill*         0x0800add2        0x2 
 .rodata.AHBPrescTable
                0x0800add4       0x10 ./Core/Src/system_stm32f4xx.o
                0x0800add4                AHBPrescTable
 .rodata.APBPrescTable
                0x0800ade4        0x8 ./Core/Src/system_stm32f4xx.o
                0x0800ade4                APBPrescTable
 .rodata.uxTopUsedPriority
                0x0800adec        0x4 ./Middleware/FreeRTOS/tasks.o
                0x0800adec                uxTopUsedPriority
 .rodata._aInitStr.0
                0x0800adf0       0x11 ./Middleware/SEGGER/SEGGER/SEGGER_RTT.o
 *fill*         0x0800ae01        0x3 
 .rodata._abSync
                0x0800ae04        0xa ./Middleware/SEGGER/SEGGER/SEGGER_SYSVIEW.o
                0x0800ae10                        . = ALIGN (0x4)
 *fill*         0x0800ae0e        0x2 

.ARM.extab      0x0800ae10        0x0
                0x0800ae10                        . = ALIGN (0x4)
 *(.ARM.extab* .gnu.linkonce.armextab.*)
                0x0800ae10                        . = ALIGN (0x4)

.ARM            0x0800ae10        0x8
                0x0800ae10                        . = ALIGN (0x4)
                0x0800ae10                        __exidx_start = .
 *(.ARM.exidx*)
 .ARM.exidx     0x0800ae10        0x8 /opt/st/stm32cubeide_1.18.1/plugins/com.st.stm32cube.ide.mcu.externaltools.gnu-tools-for-stm32.13.3.rel1.linux64_1.0.0.202410170706/tools/bin/../lib/gcc/arm-none-eabi/13.3.1/../../../../arm-none-eabi/lib/thumb/v7e-m+fp/hard/libc_nano.a(libc_a-strlen.o)
 .ARM.exidx     0x0800ae18        0x0 /opt/st/stm32cubeide_1.18.1/plugins/com.st.stm32cube.ide.mcu.externaltools.gnu-tools-for-stm32.13.3.rel1.linux64_1.0.0.202410170706/tools/bin/../lib/gcc/arm-none-eabi/13.3.1/thumb/v7e-m+fp/hard/libgcc.a(_udivmoddi4.o)
                                  0x8 (size before relaxing)
                0x0800ae18                        __exidx_end = .
                0x0800ae18                        . = ALIGN (0x4)

.preinit_array  0x0800ae18        0x0
                0x0800ae18                        . = ALIGN (0x4)
                0x0800ae18                        PROVIDE (__preinit_array_start = .)
 *(.preinit_array*)
                0x0800ae18                        PROVIDE (__preinit_array_end = .)
                0x0800ae18                        . = ALIGN (0x4)

.init_array     0x0800ae18        0x4
                0x0800ae18                        . = ALIGN (0x4)
                0x0800ae18                        PROVIDE (__init_array_start = .)
 *(SORT_BY_NAME(.init_array.*))
 *(.init_array*)
 .init_array    0x0800ae18        0x4 /opt/st/stm32cubeide_1.18.1/plugins/com.st.stm32cube.ide.mcu.externaltools.gnu-tools-for-stm32.13.3.rel1.linux64_1.0.0.202410170706/tools/bin/../lib/gcc/arm-none-eabi/13.3.1/thumb/v7e-m+fp/hard/crtbegin.o
                0x0800ae1c                        PROVIDE (__init_array_end = .)
                0x0800ae1c                        . = ALIGN (0x4)

.fini_array     0x0800ae1c        0x4
                0x0800ae1c                        . = ALIGN (0x4)
                [!provide]                        PROVIDE (__fini_array_start = .)
 *(SORT_BY_NAME(.fini_array.*))
 *(.fini_array*)
 .fini_array    0x0800ae1c        0x4 /opt/st/stm32cubeide_1.18.1/plugins/com.st.stm32cube.ide.mcu.externaltools.gnu-tools-for-stm32.13.3.rel1.linux64_1.0.0.202410170706/tools/bin/../lib/gcc/arm-none-eabi/13.3.1/thumb/v7e-m+fp/hard/crtbegin.o
                [!provide]                        PROVIDE (__fini_array_end = .)
                0x0800ae20                        . = ALIGN (0x4)
                0x0800ae20                        _sidata = LOADADDR (.data)

.rel.dyn        0x0800ae20        0x0
 .rel.iplt      0x0800ae20        0x0 /opt/st/stm32cubeide_1.18.1/plugins/com.st.stm32cube.ide.mcu.externaltools.gnu-tools-for-stm32.13.3.rel1.linux64_1.0.0.202410170706/tools/bin/../lib/gcc/arm-none-eabi/13.3.1/thumb/v7e-m+fp/hard/crtbegin.o

.data           0x20000000       0x10 load address 0x0800ae20
                0x20000000                        . = ALIGN (0x4)
                0x20000000                        _sdata = .
 *(.data)
 *(.data*)
 .data.SystemCoreClock
                0x20000000        0x4 ./Core/Src/system_stm32f4xx.o
                0x20000000                SystemCoreClock
 .data.uwTickPrio
                0x20000004        0x4 ./Drivers/STM32F4xx_HAL_Driver/Src/stm32f4xx_hal.o
                0x20000004                uwTickPrio
 .data.uwTickFreq
                0x20000008        0x1 ./Drivers/STM32F4xx_HAL_Driver/Src/stm32f4xx_hal.o
                0x20000008                uwTickFreq
 *fill*         0x20000009        0x3 
 .data.uxCriticalNesting
                0x2000000c        0x4 ./Middleware/FreeRTOS/portable/GCC/ARM_CM4F/port.o
 *(.RamFunc)
 *(.RamFunc*)
                0x20000010                        . = ALIGN (0x4)
                0x20000010                        _edata = .
                0x0800ae30                        _siccmram = LOADADDR (.ccmram)

.igot.plt       0x20000010        0x0 load address 0x0800ae30
 .igot.plt      0x20000010        0x0 /opt/st/stm32cubeide_1.18.1/plugins/com.st.stm32cube.ide.mcu.externaltools.gnu-tools-for-stm32.13.3.rel1.linux64_1.0.0.202410170706/tools/bin/../lib/gcc/arm-none-eabi/13.3.1/thumb/v7e-m+fp/hard/crtbegin.o

.ccmram         0x10000000        0x0 load address 0x0800ae30
                0x10000000                        . = ALIGN (0x4)
                0x10000000                        _sccmram = .
 *(.ccmram)
 *(.ccmram*)
                0x10000000                        . = ALIGN (0x4)
                0x10000000                        _eccmram = .
                0x10000000                        . = ALIGN (0x4)

.bss            0x20000010    0x13910
                0x20000010                        _sbss = .
                0x20000010                        __bss_start__ = _sbss
 *(.bss)
 .bss           0x20000010       0x1c /opt/st/stm32cubeide_1.18.1/plugins/com.st.stm32cube.ide.mcu.externaltools.gnu-tools-for-stm32.13.3.rel1.linux64_1.0.0.202410170706/tools/bin/../lib/gcc/arm-none-eabi/13.3.1/thumb/v7e-m+fp/hard/crtbegin.o
 *(.bss*)
 .bss.xEchoCaptureSem
                0x2000002c        0x4 ./Core/Src/app_tasks.o
                0x2000002c                xEchoCaptureSem
 .bss.xDistanceQueue
                0x20000030        0x4 ./Core/Src/app_tasks.o
                0x20000030                xDistanceQueue
 .bss.xTxRequestQueue
                0x20000034        0x4 ./Core/Src/app_tasks.o
                0x20000034                xTxRequestQueue
 .bss.xDisplayMailbox
                0x20000038        0x4 ./Core/Src/app_tasks.o
                0x20000038                xDisplayMailbox
 .bss.s_last_sensor_ok_tick
                0x2000003c        0x4 ./Core/Src/app_tasks.o
 .bss.s_last_can_tx_ok_tick
                0x20000040        0x4 ./Core/Src/app_tasks.o
 .bss.s_system_fault
                0x20000044        0x1 ./Core/Src/app_tasks.o
 .bss.s_tx_counter
                0x20000045        0x1 ./Core/Src/can_driver.o
 .bss.s_echo_state
                0x20000046        0x1 ./Core/Src/hcsr04_driver.o
 *fill*         0x20000047        0x1 
 .bss.s_t_rise_us
                0x20000048        0x4 ./Core/Src/hcsr04_driver.o
 .bss.s_last_pulse_width_us
                0x2000004c        0x4 ./Core/Src/hcsr04_driver.o
 .bss.s_htim    0x20000050        0x4 ./Core/Src/hcsr04_driver.o
 .bss.hcan1     0x20000054       0x28 ./Core/Src/main.o
                0x20000054                hcan1
 .bss.hi2c1     0x2000007c       0x54 ./Core/Src/main.o
                0x2000007c                hi2c1
 .bss.hiwdg     0x200000d0        0xc ./Core/Src/main.o
                0x200000d0                hiwdg
 .bss.htim3     0x200000dc       0x48 ./Core/Src/main.o
                0x200000dc                htim3
 .bss.s_hi2c    0x20000124        0x4 ./Core/Src/oled_display.o
 .bss.s_framebuffer
                0x20000128      0x400 ./Core/Src/oled_display.o
 .bss.htim1     0x20000528       0x48 ./Core/Src/stm32f4xx_hal_timebase_tim.o
                0x20000528                htim1
 .bss.uwTick    0x20000570        0x4 ./Drivers/STM32F4xx_HAL_Driver/Src/stm32f4xx_hal.o
                0x20000570                uwTick
 .bss.pxCurrentTCB
                0x20000574        0x4 ./Middleware/FreeRTOS/tasks.o
                0x20000574                pxCurrentTCB
 .bss.pxReadyTasksLists
                0x20000578       0x78 ./Middleware/FreeRTOS/tasks.o
 .bss.xDelayedTaskList1
                0x200005f0       0x14 ./Middleware/FreeRTOS/tasks.o
 .bss.xDelayedTaskList2
                0x20000604       0x14 ./Middleware/FreeRTOS/tasks.o
 .bss.pxDelayedTaskList
                0x20000618        0x4 ./Middleware/FreeRTOS/tasks.o
 .bss.pxOverflowDelayedTaskList
                0x2000061c        0x4 ./Middleware/FreeRTOS/tasks.o
 .bss.xPendingReadyList
                0x20000620       0x14 ./Middleware/FreeRTOS/tasks.o
 .bss.xTasksWaitingTermination
                0x20000634       0x14 ./Middleware/FreeRTOS/tasks.o
 .bss.uxDeletedTasksWaitingCleanUp
                0x20000648        0x4 ./Middleware/FreeRTOS/tasks.o
 .bss.xSuspendedTaskList
                0x2000064c       0x14 ./Middleware/FreeRTOS/tasks.o
 .bss.uxCurrentNumberOfTasks
                0x20000660        0x4 ./Middleware/FreeRTOS/tasks.o
 .bss.xTickCount
                0x20000664        0x4 ./Middleware/FreeRTOS/tasks.o
 .bss.uxTopReadyPriority
                0x20000668        0x4 ./Middleware/FreeRTOS/tasks.o
 .bss.xSchedulerRunning
                0x2000066c        0x4 ./Middleware/FreeRTOS/tasks.o
 .bss.xPendedTicks
                0x20000670        0x4 ./Middleware/FreeRTOS/tasks.o
 .bss.xYieldPending
                0x20000674        0x4 ./Middleware/FreeRTOS/tasks.o
 .bss.xNumOfOverflows
                0x20000678        0x4 ./Middleware/FreeRTOS/tasks.o
 .bss.uxTaskNumber
                0x2000067c        0x4 ./Middleware/FreeRTOS/tasks.o
 .bss.xNextTaskUnblockTime
                0x20000680        0x4 ./Middleware/FreeRTOS/tasks.o
 .bss.xIdleTaskHandle
                0x20000684        0x4 ./Middleware/FreeRTOS/tasks.o
 .bss.uxSchedulerSuspended
                0x20000688        0x4 ./Middleware/FreeRTOS/tasks.o
 .bss.ucMaxSysCallPriority
                0x2000068c        0x1 ./Middleware/FreeRTOS/portable/GCC/ARM_CM4F/port.o
 *fill*         0x2000068d        0x3 
 .bss.ulMaxPRIGROUPValue
                0x20000690        0x4 ./Middleware/FreeRTOS/portable/GCC/ARM_CM4F/port.o
 .bss.ucHeap    0x20000694    0x12c00 ./Middleware/FreeRTOS/portable/MemMang/heap_4.o
 .bss.xStart    0x20013294        0x8 ./Middleware/FreeRTOS/portable/MemMang/heap_4.o
 .bss.pxEnd     0x2001329c        0x4 ./Middleware/FreeRTOS/portable/MemMang/heap_4.o
 .bss.xFreeBytesRemaining
                0x200132a0        0x4 ./Middleware/FreeRTOS/portable/MemMang/heap_4.o
 .bss.xMinimumEverFreeBytesRemaining
                0x200132a4        0x4 ./Middleware/FreeRTOS/portable/MemMang/heap_4.o
 .bss.xNumberOfSuccessfulAllocations
                0x200132a8        0x4 ./Middleware/FreeRTOS/portable/MemMang/heap_4.o
 .bss.xNumberOfSuccessfulFrees
                0x200132ac        0x4 ./Middleware/FreeRTOS/portable/MemMang/heap_4.o
 .bss._aTasks   0x200132b0       0xa0 ./Middleware/SEGGER/FreeRTOSV11/SEGGER_SYSVIEW_FreeRTOS.o
 .bss._NumTasks
                0x20013350        0x4 ./Middleware/SEGGER/FreeRTOSV11/SEGGER_SYSVIEW_FreeRTOS.o
 .bss._SEGGER_RTT
                0x20013354       0xa8 ./Middleware/SEGGER/SEGGER/SEGGER_RTT.o
                0x20013354                _SEGGER_RTT
 .bss._acUpBuffer
                0x200133fc      0x400 ./Middleware/SEGGER/SEGGER/SEGGER_RTT.o
 .bss._acDownBuffer
                0x200137fc       0x10 ./Middleware/SEGGER/SEGGER/SEGGER_RTT.o
 .bss._SYSVIEW_Globals
                0x2001380c       0x28 ./Middleware/SEGGER/SEGGER/SEGGER_SYSVIEW.o
 .bss._pFirstModule
                0x20013834        0x4 ./Middleware/SEGGER/SEGGER/SEGGER_SYSVIEW.o
 .bss._NumModules
                0x20013838        0x1 ./Middleware/SEGGER/SEGGER/SEGGER_SYSVIEW.o
 *fill*         0x20013839        0x3 
 .bss._aPacket  0x2001383c       0xe3 ./Middleware/SEGGER/SEGGER/SEGGER_SYSVIEW.o
 *(COMMON)
                0x20013920                        . = ALIGN (0x4)
 *fill*         0x2001391f        0x1 
                0x20013920                        _ebss = .
                0x20013920                        __bss_end__ = _ebss

._user_heap_stack
                0x20013920      0x600
                0x20013920                        . = ALIGN (0x8)
                0x20013920                        PROVIDE (end = .)
                [!provide]                        PROVIDE (_end = .)
                0x20013b20                        . = (. + _Min_Heap_Size)
 *fill*         0x20013920      0x200 
                0x20013f20                        . = (. + _Min_Stack_Size)
 *fill*         0x20013b20      0x400 
                0x20013f20                        . = ALIGN (0x8)

/DISCARD/
 libc.a(*)
 libm.a(*)
 libgcc.a(*)

.ARM.attributes
                0x00000000       0x30
 *(.ARM.attributes)
 .ARM.attributes
                0x00000000       0x22 /opt/st/stm32cubeide_1.18.1/plugins/com.st.stm32cube.ide.mcu.externaltools.gnu-tools-for-stm32.13.3.rel1.linux64_1.0.0.202410170706/tools/bin/../lib/gcc/arm-none-eabi/13.3.1/thumb/v7e-m+fp/hard/crti.o
 .ARM.attributes
                0x00000022       0x34 /opt/st/stm32cubeide_1.18.1/plugins/com.st.stm32cube.ide.mcu.externaltools.gnu-tools-for-stm32.13.3.rel1.linux64_1.0.0.202410170706/tools/bin/../lib/gcc/arm-none-eabi/13.3.1/thumb/v7e-m+fp/hard/crtbegin.o
 .ARM.attributes
                0x00000056       0x34 ./Core/Src/app_tasks.o
 .ARM.attributes
                0x0000008a       0x34 ./Core/Src/can_driver.o
 .ARM.attributes
                0x000000be       0x34 ./Core/Src/can_security.o
 .ARM.attributes
                0x000000f2       0x34 ./Core/Src/hcsr04_driver.o
 .ARM.attributes
                0x00000126       0x34 ./Core/Src/main.o
 .ARM.attributes
                0x0000015a       0x34 ./Core/Src/oled_display.o
 .ARM.attributes
                0x0000018e       0x34 ./Core/Src/stm32f4xx_hal_msp.o
 .ARM.attributes
                0x000001c2       0x34 ./Core/Src/stm32f4xx_hal_timebase_tim.o
 .ARM.attributes
                0x000001f6       0x34 ./Core/Src/stm32f4xx_it.o
 .ARM.attributes
                0x0000022a       0x34 ./Core/Src/system_stm32f4xx.o
 .ARM.attributes
                0x0000025e       0x21 ./Core/Startup/startup_stm32f407vgtx.o
 .ARM.attributes
                0x0000027f       0x34 ./Drivers/STM32F4xx_HAL_Driver/Src/stm32f4xx_hal.o
 .ARM.attributes
                0x000002b3       0x34 ./Drivers/STM32F4xx_HAL_Driver/Src/stm32f4xx_hal_can.o
 .ARM.attributes
                0x000002e7       0x34 ./Drivers/STM32F4xx_HAL_Driver/Src/stm32f4xx_hal_cortex.o
 .ARM.attributes
                0x0000031b       0x34 ./Drivers/STM32F4xx_HAL_Driver/Src/stm32f4xx_hal_gpio.o
 .ARM.attributes
                0x0000034f       0x34 ./Drivers/STM32F4xx_HAL_Driver/Src/stm32f4xx_hal_i2c.o
 .ARM.attributes
                0x00000383       0x34 ./Drivers/STM32F4xx_HAL_Driver/Src/stm32f4xx_hal_iwdg.o
 .ARM.attributes
                0x000003b7       0x34 ./Drivers/STM32F4xx_HAL_Driver/Src/stm32f4xx_hal_rcc.o
 .ARM.attributes
                0x000003eb       0x34 ./Drivers/STM32F4xx_HAL_Driver/Src/stm32f4xx_hal_tim.o
 .ARM.attributes
                0x0000041f       0x34 ./Drivers/STM32F4xx_HAL_Driver/Src/stm32f4xx_hal_tim_ex.o
 .ARM.attributes
                0x00000453       0x34 ./Middleware/FreeRTOS/list.o
 .ARM.attributes
                0x00000487       0x34 ./Middleware/FreeRTOS/queue.o
 .ARM.attributes
                0x000004bb       0x34 ./Middleware/FreeRTOS/tasks.o
 .ARM.attributes
                0x000004ef       0x34 ./Middleware/FreeRTOS/portable/GCC/ARM_CM4F/port.o
 .ARM.attributes
                0x00000523       0x34 ./Middleware/FreeRTOS/portable/MemMang/heap_4.o
 .ARM.attributes
                0x00000557       0x34 ./Middleware/SEGGER/FreeRTOSV11/SEGGER_SYSVIEW_FreeRTOS.o
 .ARM.attributes
                0x0000058b       0x34 ./Middleware/SEGGER/SEGGER/SEGGER_RTT.o
 .ARM.attributes
                0x000005bf       0x20 ./Middleware/SEGGER/SEGGER/SEGGER_RTT_ASM_ARMv7M.o
 .ARM.attributes
                0x000005df       0x34 ./Middleware/SEGGER/SEGGER/SEGGER_SYSVIEW.o
 .ARM.attributes
                0x00000613       0x34 /opt/st/stm32cubeide_1.18.1/plugins/com.st.stm32cube.ide.mcu.externaltools.gnu-tools-for-stm32.13.3.rel1.linux64_1.0.0.202410170706/tools/bin/../lib/gcc/arm-none-eabi/13.3.1/../../../../arm-none-eabi/lib/thumb/v7e-m+fp/hard/libc_nano.a(libc_a-memcmp.o)
 .ARM.attributes
                0x00000647       0x34 /opt/st/stm32cubeide_1.18.1/plugins/com.st.stm32cube.ide.mcu.externaltools.gnu-tools-for-stm32.13.3.rel1.linux64_1.0.0.202410170706/tools/bin/../lib/gcc/arm-none-eabi/13.3.1/../../../../arm-none-eabi/lib/thumb/v7e-m+fp/hard/libc_nano.a(libc_a-memset.o)
 .ARM.attributes
                0x0000067b       0x34 /opt/st/stm32cubeide_1.18.1/plugins/com.st.stm32cube.ide.mcu.externaltools.gnu-tools-for-stm32.13.3.rel1.linux64_1.0.0.202410170706/tools/bin/../lib/gcc/arm-none-eabi/13.3.1/../../../../arm-none-eabi/lib/thumb/v7e-m+fp/hard/libc_nano.a(libc_a-strcat.o)
 .ARM.attributes
                0x000006af       0x34 /opt/st/stm32cubeide_1.18.1/plugins/com.st.stm32cube.ide.mcu.externaltools.gnu-tools-for-stm32.13.3.rel1.linux64_1.0.0.202410170706/tools/bin/../lib/gcc/arm-none-eabi/13.3.1/../../../../arm-none-eabi/lib/thumb/v7e-m+fp/hard/libc_nano.a(libc_a-init.o)
 .ARM.attributes
                0x000006e3       0x34 /opt/st/stm32cubeide_1.18.1/plugins/com.st.stm32cube.ide.mcu.externaltools.gnu-tools-for-stm32.13.3.rel1.linux64_1.0.0.202410170706/tools/bin/../lib/gcc/arm-none-eabi/13.3.1/../../../../arm-none-eabi/lib/thumb/v7e-m+fp/hard/libc_nano.a(libc_a-memcpy-stub.o)
 .ARM.attributes
                0x00000717       0x17 /opt/st/stm32cubeide_1.18.1/plugins/com.st.stm32cube.ide.mcu.externaltools.gnu-tools-for-stm32.13.3.rel1.linux64_1.0.0.202410170706/tools/bin/../lib/gcc/arm-none-eabi/13.3.1/../../../../arm-none-eabi/lib/thumb/v7e-m+fp/hard/libc_nano.a(libc_a-strlen.o)
 .ARM.attributes
                0x0000072e       0x22 /opt/st/stm32cubeide_1.18.1/plugins/com.st.stm32cube.ide.mcu.externaltools.gnu-tools-for-stm32.13.3.rel1.linux64_1.0.0.202410170706/tools/bin/../lib/gcc/arm-none-eabi/13.3.1/thumb/v7e-m+fp/hard/libgcc.a(_aeabi_uldivmod.o)
 .ARM.attributes
                0x00000750       0x34 /opt/st/stm32cubeide_1.18.1/plugins/com.st.stm32cube.ide.mcu.externaltools.gnu-tools-for-stm32.13.3.rel1.linux64_1.0.0.202410170706/tools/bin/../lib/gcc/arm-none-eabi/13.3.1/thumb/v7e-m+fp/hard/libgcc.a(_udivmoddi4.o)
 .ARM.attributes
                0x00000784       0x22 /opt/st/stm32cubeide_1.18.1/plugins/com.st.stm32cube.ide.mcu.externaltools.gnu-tools-for-stm32.13.3.rel1.linux64_1.0.0.202410170706/tools/bin/../lib/gcc/arm-none-eabi/13.3.1/thumb/v7e-m+fp/hard/libgcc.a(_dvmd_tls.o)
 .ARM.attributes
                0x000007a6       0x22 /opt/st/stm32cubeide_1.18.1/plugins/com.st.stm32cube.ide.mcu.externaltools.gnu-tools-for-stm32.13.3.rel1.linux64_1.0.0.202410170706/tools/bin/../lib/gcc/arm-none-eabi/13.3.1/thumb/v7e-m+fp/hard/crtn.o
OUTPUT(ACC_Sensor.elf elf32-littlearm)
LOAD linker stubs
LOAD /opt/st/stm32cubeide_1.18.1/plugins/com.st.stm32cube.ide.mcu.externaltools.gnu-tools-for-stm32.13.3.rel1.linux64_1.0.0.202410170706/tools/bin/../lib/gcc/arm-none-eabi/13.3.1/../../../../arm-none-eabi/lib/thumb/v7e-m+fp/hard/libc.a
LOAD /opt/st/stm32cubeide_1.18.1/plugins/com.st.stm32cube.ide.mcu.externaltools.gnu-tools-for-stm32.13.3.rel1.linux64_1.0.0.202410170706/tools/bin/../lib/gcc/arm-none-eabi/13.3.1/../../../../arm-none-eabi/lib/thumb/v7e-m+fp/hard/libm.a
LOAD /opt/st/stm32cubeide_1.18.1/plugins/com.st.stm32cube.ide.mcu.externaltools.gnu-tools-for-stm32.13.3.rel1.linux64_1.0.0.202410170706/tools/bin/../lib/gcc/arm-none-eabi/13.3.1/thumb/v7e-m+fp/hard/libgcc.a

.debug_info     0x00000000    0x1b037
 .debug_info    0x00000000      0xb25 ./Core/Src/app_tasks.o
 .debug_info    0x00000b25      0x820 ./Core/Src/can_driver.o
 .debug_info    0x00001345      0x694 ./Core/Src/can_security.o
 .debug_info    0x000019d9      0xb98 ./Core/Src/hcsr04_driver.o
 .debug_info    0x00002571     0x161e ./Core/Src/main.o
 .debug_info    0x00003b8f      0xb09 ./Core/Src/oled_display.o
 .debug_info    0x00004698     0x13fc ./Core/Src/stm32f4xx_hal_msp.o
 .debug_info    0x00005a94      0xbe0 ./Core/Src/stm32f4xx_hal_timebase_tim.o
 .debug_info    0x00006674      0xadf ./Core/Src/stm32f4xx_it.o
 .debug_info    0x00007153      0x512 ./Core/Src/system_stm32f4xx.o
 .debug_info    0x00007665       0x30 ./Core/Startup/startup_stm32f407vgtx.o
 .debug_info    0x00007695      0x97e ./Drivers/STM32F4xx_HAL_Driver/Src/stm32f4xx_hal.o
 .debug_info    0x00008013      0xf65 ./Drivers/STM32F4xx_HAL_Driver/Src/stm32f4xx_hal_can.o
 .debug_info    0x00008f78      0xdc1 ./Drivers/STM32F4xx_HAL_Driver/Src/stm32f4xx_hal_cortex.o
 .debug_info    0x00009d39      0x6dc ./Drivers/STM32F4xx_HAL_Driver/Src/stm32f4xx_hal_gpio.o
 .debug_info    0x0000a415     0x2427 ./Drivers/STM32F4xx_HAL_Driver/Src/stm32f4xx_hal_i2c.o
 .debug_info    0x0000c83c      0x20d ./Drivers/STM32F4xx_HAL_Driver/Src/stm32f4xx_hal_iwdg.o
 .debug_info    0x0000ca49      0x8e0 ./Drivers/STM32F4xx_HAL_Driver/Src/stm32f4xx_hal_rcc.o
 .debug_info    0x0000d329     0x2a0f ./Drivers/STM32F4xx_HAL_Driver/Src/stm32f4xx_hal_tim.o
 .debug_info    0x0000fd38     0x153b ./Drivers/STM32F4xx_HAL_Driver/Src/stm32f4xx_hal_tim_ex.o
 .debug_info    0x00011273      0x2af ./Middleware/FreeRTOS/list.o
 .debug_info    0x00011522     0x1761 ./Middleware/FreeRTOS/queue.o
 .debug_info    0x00012c83     0x24c9 ./Middleware/FreeRTOS/tasks.o
 .debug_info    0x0001514c      0x4e1 ./Middleware/FreeRTOS/portable/GCC/ARM_CM4F/port.o
 .debug_info    0x0001562d      0x523 ./Middleware/FreeRTOS/portable/MemMang/heap_4.o
 .debug_info    0x00015b50      0x40e ./Middleware/SEGGER/FreeRTOSV11/SEGGER_SYSVIEW_FreeRTOS.o
 .debug_info    0x00015f5e     0x14d5 ./Middleware/SEGGER/SEGGER/SEGGER_RTT.o
 .debug_info    0x00017433       0x25 ./Middleware/SEGGER/SEGGER/SEGGER_RTT_ASM_ARMv7M.o
 .debug_info    0x00017458     0x3bdf ./Middleware/SEGGER/SEGGER/SEGGER_SYSVIEW.o

.debug_abbrev   0x00000000     0x3e29
 .debug_abbrev  0x00000000      0x2e8 ./Core/Src/app_tasks.o
 .debug_abbrev  0x000002e8      0x1f0 ./Core/Src/can_driver.o
 .debug_abbrev  0x000004d8      0x191 ./Core/Src/can_security.o
 .debug_abbrev  0x00000669      0x216 ./Core/Src/hcsr04_driver.o
 .debug_abbrev  0x0000087f      0x30d ./Core/Src/main.o
 .debug_abbrev  0x00000b8c      0x278 ./Core/Src/oled_display.o
 .debug_abbrev  0x00000e04      0x234 ./Core/Src/stm32f4xx_hal_msp.o
 .debug_abbrev  0x00001038      0x1f4 ./Core/Src/stm32f4xx_hal_timebase_tim.o
 .debug_abbrev  0x0000122c      0x207 ./Core/Src/stm32f4xx_it.o
 .debug_abbrev  0x00001433      0x11a ./Core/Src/system_stm32f4xx.o
 .debug_abbrev  0x0000154d       0x24 ./Core/Startup/startup_stm32f407vgtx.o
 .debug_abbrev  0x00001571      0x21b ./Drivers/STM32F4xx_HAL_Driver/Src/stm32f4xx_hal.o
 .debug_abbrev  0x0000178c      0x273 ./Drivers/STM32F4xx_HAL_Driver/Src/stm32f4xx_hal_can.o
 .debug_abbrev  0x000019ff      0x339 ./Drivers/STM32F4xx_HAL_Driver/Src/stm32f4xx_hal_cortex.o
 .debug_abbrev  0x00001d38      0x1f1 ./Drivers/STM32F4xx_HAL_Driver/Src/stm32f4xx_hal_gpio.o
 .debug_abbrev  0x00001f29      0x2c2 ./Drivers/STM32F4xx_HAL_Driver/Src/stm32f4xx_hal_i2c.o
 .debug_abbrev  0x000021eb      0x148 ./Drivers/STM32F4xx_HAL_Driver/Src/stm32f4xx_hal_iwdg.o
 .debug_abbrev  0x00002333      0x2cc ./Drivers/STM32F4xx_HAL_Driver/Src/stm32f4xx_hal_rcc.o
 .debug_abbrev  0x000025ff      0x275 ./Drivers/STM32F4xx_HAL_Driver/Src/stm32f4xx_hal_tim.o
 .debug_abbrev  0x00002874      0x27f ./Drivers/STM32F4xx_HAL_Driver/Src/stm32f4xx_hal_tim_ex.o
 .debug_abbrev  0x00002af3       0xf5 ./Middleware/FreeRTOS/list.o
 .debug_abbrev  0x00002be8      0x322 ./Middleware/FreeRTOS/queue.o
 .debug_abbrev  0x00002f0a      0x37a ./Middleware/FreeRTOS/tasks.o
 .debug_abbrev  0x00003284      0x25a ./Middleware/FreeRTOS/portable/GCC/ARM_CM4F/port.o
 .debug_abbrev  0x000034de      0x256 ./Middleware/FreeRTOS/portable/MemMang/heap_4.o
 .debug_abbrev  0x00003734      0x191 ./Middleware/SEGGER/FreeRTOSV11/SEGGER_SYSVIEW_FreeRTOS.o
 .debug_abbrev  0x000038c5      0x230 ./Middleware/SEGGER/SEGGER/SEGGER_RTT.o
 .debug_abbrev  0x00003af5       0x14 ./Middleware/SEGGER/SEGGER/SEGGER_RTT_ASM_ARMv7M.o
 .debug_abbrev  0x00003b09      0x320 ./Middleware/SEGGER/SEGGER/SEGGER_SYSVIEW.o

.debug_aranges  0x00000000     0x1858
 .debug_aranges
                0x00000000       0x78 ./Core/Src/app_tasks.o
 .debug_aranges
                0x00000078       0x30 ./Core/Src/can_driver.o
 .debug_aranges
                0x000000a8       0x70 ./Core/Src/can_security.o
 .debug_aranges
                0x00000118       0x38 ./Core/Src/hcsr04_driver.o
 .debug_aranges
                0x00000150       0x68 ./Core/Src/main.o
 .debug_aranges
                0x000001b8       0x70 ./Core/Src/oled_display.o
 .debug_aranges
                0x00000228       0x50 ./Core/Src/stm32f4xx_hal_msp.o
 .debug_aranges
                0x00000278       0x30 ./Core/Src/stm32f4xx_hal_timebase_tim.o
 .debug_aranges
                0x000002a8       0x68 ./Core/Src/stm32f4xx_it.o
 .debug_aranges
                0x00000310       0x28 ./Core/Src/system_stm32f4xx.o
 .debug_aranges
                0x00000338       0x28 ./Core/Startup/startup_stm32f407vgtx.o
 .debug_aranges
                0x00000360       0xf0 ./Drivers/STM32F4xx_HAL_Driver/Src/stm32f4xx_hal.o
 .debug_aranges
                0x00000450      0x138 ./Drivers/STM32F4xx_HAL_Driver/Src/stm32f4xx_hal_can.o
 .debug_aranges
                0x00000588      0x130 ./Drivers/STM32F4xx_HAL_Driver/Src/stm32f4xx_hal_cortex.o
 .debug_aranges
                0x000006b8       0x58 ./Drivers/STM32F4xx_HAL_Driver/Src/stm32f4xx_hal_gpio.o
 .debug_aranges
                0x00000710      0x2a8 ./Drivers/STM32F4xx_HAL_Driver/Src/stm32f4xx_hal_i2c.o
 .debug_aranges
                0x000009b8       0x28 ./Drivers/STM32F4xx_HAL_Driver/Src/stm32f4xx_hal_iwdg.o
 .debug_aranges
                0x000009e0       0x88 ./Drivers/STM32F4xx_HAL_Driver/Src/stm32f4xx_hal_rcc.o
 .debug_aranges
                0x00000a68      0x3d0 ./Drivers/STM32F4xx_HAL_Driver/Src/stm32f4xx_hal_tim.o
 .debug_aranges
                0x00000e38      0x168 ./Drivers/STM32F4xx_HAL_Driver/Src/stm32f4xx_hal_tim_ex.o
 .debug_aranges
                0x00000fa0       0x40 ./Middleware/FreeRTOS/list.o
 .debug_aranges
                0x00000fe0      0x128 ./Middleware/FreeRTOS/queue.o
 .debug_aranges
                0x00001108      0x1f0 ./Middleware/FreeRTOS/tasks.o
 .debug_aranges
                0x000012f8       0x80 ./Middleware/FreeRTOS/portable/GCC/ARM_CM4F/port.o
 .debug_aranges
                0x00001378       0x60 ./Middleware/FreeRTOS/portable/MemMang/heap_4.o
 .debug_aranges
                0x000013d8       0x48 ./Middleware/SEGGER/FreeRTOSV11/SEGGER_SYSVIEW_FreeRTOS.o
 .debug_aranges
                0x00001420      0x138 ./Middleware/SEGGER/SEGGER/SEGGER_RTT.o
 .debug_aranges
                0x00001558       0x20 ./Middleware/SEGGER/SEGGER/SEGGER_RTT_ASM_ARMv7M.o
 .debug_aranges
                0x00001578      0x2e0 ./Middleware/SEGGER/SEGGER/SEGGER_SYSVIEW.o

.debug_rnglists
                0x00000000     0x12f3
 .debug_rnglists
                0x00000000       0x58 ./Core/Src/app_tasks.o
 .debug_rnglists
                0x00000058       0x20 ./Core/Src/can_driver.o
 .debug_rnglists
                0x00000078       0x54 ./Core/Src/can_security.o
 .debug_rnglists
                0x000000cc       0x27 ./Core/Src/hcsr04_driver.o
 .debug_rnglists
                0x000000f3       0x4c ./Core/Src/main.o
 .debug_rnglists
                0x0000013f       0x5e ./Core/Src/oled_display.o
 .debug_rnglists
                0x0000019d       0x3a ./Core/Src/stm32f4xx_hal_msp.o
 .debug_rnglists
                0x000001d7       0x20 ./Core/Src/stm32f4xx_hal_timebase_tim.o
 .debug_rnglists
                0x000001f7       0x49 ./Core/Src/stm32f4xx_it.o
 .debug_rnglists
                0x00000240       0x1a ./Core/Src/system_stm32f4xx.o
 .debug_rnglists
                0x0000025a       0x19 ./Core/Startup/startup_stm32f407vgtx.o
 .debug_rnglists
                0x00000273       0xaf ./Drivers/STM32F4xx_HAL_Driver/Src/stm32f4xx_hal.o
 .debug_rnglists
                0x00000322       0xef ./Drivers/STM32F4xx_HAL_Driver/Src/stm32f4xx_hal_can.o
 .debug_rnglists
                0x00000411       0xe0 ./Drivers/STM32F4xx_HAL_Driver/Src/stm32f4xx_hal_cortex.o
 .debug_rnglists
                0x000004f1       0x3f ./Drivers/STM32F4xx_HAL_Driver/Src/stm32f4xx_hal_gpio.o
 .debug_rnglists
                0x00000530      0x23d ./Drivers/STM32F4xx_HAL_Driver/Src/stm32f4xx_hal_i2c.o
 .debug_rnglists
                0x0000076d       0x1a ./Drivers/STM32F4xx_HAL_Driver/Src/stm32f4xx_hal_iwdg.o
 .debug_rnglists
                0x00000787       0x66 ./Drivers/STM32F4xx_HAL_Driver/Src/stm32f4xx_hal_rcc.o
 .debug_rnglists
                0x000007ed      0x321 ./Drivers/STM32F4xx_HAL_Driver/Src/stm32f4xx_hal_tim.o
 .debug_rnglists
                0x00000b0e      0x129 ./Drivers/STM32F4xx_HAL_Driver/Src/stm32f4xx_hal_tim_ex.o
 .debug_rnglists
                0x00000c37       0x2b ./Middleware/FreeRTOS/list.o
 .debug_rnglists
                0x00000c62       0xe6 ./Middleware/FreeRTOS/queue.o
 .debug_rnglists
                0x00000d48      0x18e ./Middleware/FreeRTOS/tasks.o
 .debug_rnglists
                0x00000ed6       0x5d ./Middleware/FreeRTOS/portable/GCC/ARM_CM4F/port.o
 .debug_rnglists
                0x00000f33       0x48 ./Middleware/FreeRTOS/portable/MemMang/heap_4.o
 .debug_rnglists
                0x00000f7b       0x36 ./Middleware/SEGGER/FreeRTOSV11/SEGGER_SYSVIEW_FreeRTOS.o
 .debug_rnglists
                0x00000fb1       0xf5 ./Middleware/SEGGER/SEGGER/SEGGER_RTT.o
 .debug_rnglists
                0x000010a6      0x24d ./Middleware/SEGGER/SEGGER/SEGGER_SYSVIEW.o

.debug_macro    0x00000000    0x25ca8
 .debug_macro   0x00000000      0x3f2 ./Core/Src/app_tasks.o
 .debug_macro   0x000003f2      0xad8 ./Core/Src/app_tasks.o
 .debug_macro   0x00000eca      0x190 ./Core/Src/app_tasks.o
 .debug_macro   0x0000105a       0x22 ./Core/Src/app_tasks.o
 .debug_macro   0x0000107c       0x8e ./Core/Src/app_tasks.o
 .debug_macro   0x0000110a       0x51 ./Core/Src/app_tasks.o
 .debug_macro   0x0000115b      0x103 ./Core/Src/app_tasks.o
 .debug_macro   0x0000125e       0x6a ./Core/Src/app_tasks.o
 .debug_macro   0x000012c8      0x1df ./Core/Src/app_tasks.o
 .debug_macro   0x000014a7      0x12d ./Core/Src/app_tasks.o
 .debug_macro   0x000015d4       0x58 ./Core/Src/app_tasks.o
 .debug_macro   0x0000162c       0x46 ./Core/Src/app_tasks.o
 .debug_macro   0x00001672       0x64 ./Core/Src/app_tasks.o
 .debug_macro   0x000016d6       0x49 ./Core/Src/app_tasks.o
 .debug_macro   0x0000171f       0xd1 ./Core/Src/app_tasks.o
 .debug_macro   0x000017f0      0x220 ./Core/Src/app_tasks.o
 .debug_macro   0x00001a10      0xf65 ./Core/Src/app_tasks.o
 .debug_macro   0x00002975      0x15a ./Core/Src/app_tasks.o
 .debug_macro   0x00002acf       0xea ./Core/Src/app_tasks.o
 .debug_macro   0x00002bb9       0x28 ./Core/Src/app_tasks.o
 .debug_macro   0x00002be1       0x1f ./Core/Src/app_tasks.o
 .debug_macro   0x00002c00       0x12 ./Core/Src/app_tasks.o
 .debug_macro   0x00002c12      0x4f5 ./Core/Src/app_tasks.o
 .debug_macro   0x00003107       0xc3 ./Core/Src/app_tasks.o
 .debug_macro   0x000031ca      0x120 ./Core/Src/app_tasks.o
 .debug_macro   0x000032ea       0x80 ./Core/Src/app_tasks.o
 .debug_macro   0x0000336a       0x77 ./Core/Src/app_tasks.o
 .debug_macro   0x000033e1      0x2ae ./Core/Src/app_tasks.o
 .debug_macro   0x0000368f       0x2e ./Core/Src/app_tasks.o
 .debug_macro   0x000036bd       0x2f ./Core/Src/app_tasks.o
 .debug_macro   0x000036ec       0x1c ./Core/Src/app_tasks.o
 .debug_macro   0x00003708       0x22 ./Core/Src/app_tasks.o
 .debug_macro   0x0000372a       0xfb ./Core/Src/app_tasks.o
 .debug_macro   0x00003825     0x1011 ./Core/Src/app_tasks.o
 .debug_macro   0x00004836      0x11f ./Core/Src/app_tasks.o
 .debug_macro   0x00004955    0x15ea5 ./Core/Src/app_tasks.o
 .debug_macro   0x0001a7fa       0x6d ./Core/Src/app_tasks.o
 .debug_macro   0x0001a867     0x3693 ./Core/Src/app_tasks.o
 .debug_macro   0x0001defa       0x5c ./Core/Src/app_tasks.o
 .debug_macro   0x0001df56      0x980 ./Core/Src/app_tasks.o
 .debug_macro   0x0001e8d6      0x9e9 ./Core/Src/app_tasks.o
 .debug_macro   0x0001f2bf      0x115 ./Core/Src/app_tasks.o
 .debug_macro   0x0001f3d4      0x13e ./Core/Src/app_tasks.o
 .debug_macro   0x0001f512       0xa5 ./Core/Src/app_tasks.o
 .debug_macro   0x0001f5b7      0x174 ./Core/Src/app_tasks.o
 .debug_macro   0x0001f72b      0x287 ./Core/Src/app_tasks.o
 .debug_macro   0x0001f9b2       0x5f ./Core/Src/app_tasks.o
 .debug_macro   0x0001fa11      0x236 ./Core/Src/app_tasks.o
 .debug_macro   0x0001fc47      0x40f ./Core/Src/app_tasks.o
 .debug_macro   0x00020056      0x12c ./Core/Src/app_tasks.o
 .debug_macro   0x00020182      0x21e ./Core/Src/app_tasks.o
 .debug_macro   0x000203a0       0x2e ./Core/Src/app_tasks.o
 .debug_macro   0x000203ce      0x1b5 ./Core/Src/app_tasks.o
 .debug_macro   0x00020583       0xd6 ./Core/Src/app_tasks.o
 .debug_macro   0x00020659       0x78 ./Core/Src/app_tasks.o
 .debug_macro   0x000206d1      0x127 ./Core/Src/app_tasks.o
 .debug_macro   0x000207f8       0x7e ./Core/Src/app_tasks.o
 .debug_macro   0x00020876       0x89 ./Core/Src/app_tasks.o
 .debug_macro   0x000208ff      0x8ed ./Core/Src/app_tasks.o
 .debug_macro   0x000211ec       0x4d ./Core/Src/app_tasks.o
 .debug_macro   0x00021239      0x12d ./Core/Src/app_tasks.o
 .debug_macro   0x00021366       0x22 ./Core/Src/app_tasks.o
 .debug_macro   0x00021388       0x2e ./Core/Src/app_tasks.o
 .debug_macro   0x000213b6       0x88 ./Core/Src/app_tasks.o
 .debug_macro   0x0002143e       0x3a ./Core/Src/app_tasks.o
 .debug_macro   0x00021478       0x22 ./Core/Src/app_tasks.o
 .debug_macro   0x0002149a       0x61 ./Core/Src/app_tasks.o
 .debug_macro   0x000214fb       0x2a ./Core/Src/app_tasks.o
 .debug_macro   0x00021525       0x43 ./Core/Src/app_tasks.o
 .debug_macro   0x00021568       0x34 ./Core/Src/app_tasks.o
 .debug_macro   0x0002159c      0x370 ./Core/Src/app_tasks.o
 .debug_macro   0x0002190c       0x16 ./Core/Src/app_tasks.o
 .debug_macro   0x00021922       0x4a ./Core/Src/app_tasks.o
 .debug_macro   0x0002196c       0x34 ./Core/Src/app_tasks.o
 .debug_macro   0x000219a0       0x10 ./Core/Src/app_tasks.o
 .debug_macro   0x000219b0       0x58 ./Core/Src/app_tasks.o
 .debug_macro   0x00021a08       0x8e ./Core/Src/app_tasks.o
 .debug_macro   0x00021a96       0x1c ./Core/Src/app_tasks.o
 .debug_macro   0x00021ab2      0x185 ./Core/Src/app_tasks.o
 .debug_macro   0x00021c37       0x10 ./Core/Src/app_tasks.o
 .debug_macro   0x00021c47       0x3c ./Core/Src/app_tasks.o
 .debug_macro   0x00021c83       0x20 ./Core/Src/app_tasks.o
 .debug_macro   0x00021ca3      0x2f5 ./Core/Src/can_driver.o
 .debug_macro   0x00021f98       0x1c ./Core/Src/can_driver.o
 .debug_macro   0x00021fb4      0x15b ./Core/Src/can_security.o
 .debug_macro   0x0002210f      0x317 ./Core/Src/hcsr04_driver.o
 .debug_macro   0x00022426       0x34 ./Core/Src/hcsr04_driver.o
 .debug_macro   0x0002245a      0x12d ./Core/Src/hcsr04_driver.o
 .debug_macro   0x00022587       0x34 ./Core/Src/hcsr04_driver.o
 .debug_macro   0x000225bb      0x32e ./Core/Src/main.o
 .debug_macro   0x000228e9      0x308 ./Core/Src/oled_display.o
 .debug_macro   0x00022bf1       0x1c ./Core/Src/oled_display.o
 .debug_macro   0x00022c0d      0x1fc ./Core/Src/stm32f4xx_hal_msp.o
 .debug_macro   0x00022e09      0x1f2 ./Core/Src/stm32f4xx_hal_timebase_tim.o
 .debug_macro   0x00022ffb      0x21e ./Core/Src/stm32f4xx_it.o
 .debug_macro   0x00023219      0x1f2 ./Core/Src/system_stm32f4xx.o
 .debug_macro   0x0002340b      0x252 ./Drivers/STM32F4xx_HAL_Driver/Src/stm32f4xx_hal.o
 .debug_macro   0x0002365d      0x201 ./Drivers/STM32F4xx_HAL_Driver/Src/stm32f4xx_hal_can.o
 .debug_macro   0x0002385e      0x1f2 ./Drivers/STM32F4xx_HAL_Driver/Src/stm32f4xx_hal_cortex.o
 .debug_macro   0x00023a50      0x1f8 ./Drivers/STM32F4xx_HAL_Driver/Src/stm32f4xx_hal_gpio.o
 .debug_macro   0x00023c48      0x240 ./Drivers/STM32F4xx_HAL_Driver/Src/stm32f4xx_hal_i2c.o
 .debug_macro   0x00023e88      0x1fe ./Drivers/STM32F4xx_HAL_Driver/Src/stm32f4xx_hal_iwdg.o
 .debug_macro   0x00024086      0x216 ./Drivers/STM32F4xx_HAL_Driver/Src/stm32f4xx_hal_rcc.o
 .debug_macro   0x0002429c      0x1f3 ./Drivers/STM32F4xx_HAL_Driver/Src/stm32f4xx_hal_tim.o
 .debug_macro   0x0002448f      0x1f2 ./Drivers/STM32F4xx_HAL_Driver/Src/stm32f4xx_hal_tim_ex.o
 .debug_macro   0x00024681      0x1fa ./Middleware/FreeRTOS/list.o
 .debug_macro   0x0002487b      0x291 ./Middleware/FreeRTOS/queue.o
 .debug_macro   0x00024b0c       0x16 ./Middleware/FreeRTOS/queue.o
 .debug_macro   0x00024b22      0x2e0 ./Middleware/FreeRTOS/tasks.o
 .debug_macro   0x00024e02       0x16 ./Middleware/FreeRTOS/tasks.o
 .debug_macro   0x00024e18      0x209 ./Middleware/FreeRTOS/portable/GCC/ARM_CM4F/port.o
 .debug_macro   0x00025021      0x27b ./Middleware/FreeRTOS/portable/MemMang/heap_4.o
 .debug_macro   0x0002529c      0x209 ./Middleware/SEGGER/FreeRTOSV11/SEGGER_SYSVIEW_FreeRTOS.o
 .debug_macro   0x000254a5      0x1e9 ./Middleware/SEGGER/SEGGER/SEGGER_RTT.o
 .debug_macro   0x0002568e       0x35 ./Middleware/SEGGER/SEGGER/SEGGER_RTT.o
 .debug_macro   0x000256c3      0x138 ./Middleware/SEGGER/SEGGER/SEGGER_RTT.o
 .debug_macro   0x000257fb      0x252 ./Middleware/SEGGER/SEGGER/SEGGER_SYSVIEW.o
 .debug_macro   0x00025a4d      0x220 ./Middleware/SEGGER/SEGGER/SEGGER_SYSVIEW.o
 .debug_macro   0x00025c6d       0x3b ./Middleware/SEGGER/SEGGER/SEGGER_SYSVIEW.o

.debug_line     0x00000000    0x1f93a
 .debug_line    0x00000000      0xfd6 ./Core/Src/app_tasks.o
 .debug_line    0x00000fd6      0x906 ./Core/Src/can_driver.o
 .debug_line    0x000018dc      0xa26 ./Core/Src/can_security.o
 .debug_line    0x00002302      0xb39 ./Core/Src/hcsr04_driver.o
 .debug_line    0x00002e3b      0xc91 ./Core/Src/main.o
 .debug_line    0x00003acc      0xb17 ./Core/Src/oled_display.o
 .debug_line    0x000045e3      0x7c1 ./Core/Src/stm32f4xx_hal_msp.o
 .debug_line    0x00004da4      0x73f ./Core/Src/stm32f4xx_hal_timebase_tim.o
 .debug_line    0x000054e3      0x7c4 ./Core/Src/stm32f4xx_it.o
 .debug_line    0x00005ca7      0x749 ./Core/Src/system_stm32f4xx.o
 .debug_line    0x000063f0       0x7a ./Core/Startup/startup_stm32f407vgtx.o
 .debug_line    0x0000646a      0x9d9 ./Drivers/STM32F4xx_HAL_Driver/Src/stm32f4xx_hal.o
 .debug_line    0x00006e43     0x13b2 ./Drivers/STM32F4xx_HAL_Driver/Src/stm32f4xx_hal_can.o
 .debug_line    0x000081f5      0xeb2 ./Drivers/STM32F4xx_HAL_Driver/Src/stm32f4xx_hal_cortex.o
 .debug_line    0x000090a7      0xce5 ./Drivers/STM32F4xx_HAL_Driver/Src/stm32f4xx_hal_gpio.o
 .debug_line    0x00009d8c     0x3cb9 ./Drivers/STM32F4xx_HAL_Driver/Src/stm32f4xx_hal_i2c.o
 .debug_line    0x0000da45      0x786 ./Drivers/STM32F4xx_HAL_Driver/Src/stm32f4xx_hal_iwdg.o
 .debug_line    0x0000e1cb      0xf99 ./Drivers/STM32F4xx_HAL_Driver/Src/stm32f4xx_hal_rcc.o
 .debug_line    0x0000f164     0x5e4b ./Drivers/STM32F4xx_HAL_Driver/Src/stm32f4xx_hal_tim.o
 .debug_line    0x00014faf     0x1f70 ./Drivers/STM32F4xx_HAL_Driver/Src/stm32f4xx_hal_tim_ex.o
 .debug_line    0x00016f1f      0x8b9 ./Middleware/FreeRTOS/list.o
 .debug_line    0x000177d8     0x1685 ./Middleware/FreeRTOS/queue.o
 .debug_line    0x00018e5d     0x1e18 ./Middleware/FreeRTOS/tasks.o
 .debug_line    0x0001ac75      0x98b ./Middleware/FreeRTOS/portable/GCC/ARM_CM4F/port.o
 .debug_line    0x0001b600      0xb28 ./Middleware/FreeRTOS/portable/MemMang/heap_4.o
 .debug_line    0x0001c128      0x99d ./Middleware/SEGGER/FreeRTOSV11/SEGGER_SYSVIEW_FreeRTOS.o
 .debug_line    0x0001cac5      0xe53 ./Middleware/SEGGER/SEGGER/SEGGER_RTT.o
 .debug_line    0x0001d918       0x86 ./Middleware/SEGGER/SEGGER/SEGGER_RTT_ASM_ARMv7M.o
 .debug_line    0x0001d99e     0x1f9c ./Middleware/SEGGER/SEGGER/SEGGER_SYSVIEW.o

.debug_str      0x00000000    0xea9de
 .debug_str     0x00000000    0xea9de ./Core/Src/app_tasks.o
                              0xe056b (size before relaxing)
 .debug_str     0x000ea9de    0xc9900 ./Core/Src/can_driver.o
 .debug_str     0x000ea9de     0x7537 ./Core/Src/can_security.o
 .debug_str     0x000ea9de    0xdd620 ./Core/Src/hcsr04_driver.o
 .debug_str     0x000ea9de    0xddd49 ./Core/Src/main.o
 .debug_str     0x000ea9de    0xc9ca4 ./Core/Src/oled_display.o
 .debug_str     0x000ea9de    0xc7172 ./Core/Src/stm32f4xx_hal_msp.o
 .debug_str     0x000ea9de    0xc6cee ./Core/Src/stm32f4xx_hal_timebase_tim.o
 .debug_str     0x000ea9de    0xc6a14 ./Core/Src/stm32f4xx_it.o
 .debug_str     0x000ea9de    0xc6207 ./Core/Src/system_stm32f4xx.o
 .debug_str     0x000ea9de       0x7e ./Core/Startup/startup_stm32f407vgtx.o
 .debug_str     0x000ea9de    0xc6dab ./Drivers/STM32F4xx_HAL_Driver/Src/stm32f4xx_hal.o
 .debug_str     0x000ea9de    0xc690f ./Drivers/STM32F4xx_HAL_Driver/Src/stm32f4xx_hal_can.o
 .debug_str     0x000ea9de    0xc6b29 ./Drivers/STM32F4xx_HAL_Driver/Src/stm32f4xx_hal_cortex.o
 .debug_str     0x000ea9de    0xc6390 ./Drivers/STM32F4xx_HAL_Driver/Src/stm32f4xx_hal_gpio.o
 .debug_str     0x000ea9de    0xc7233 ./Drivers/STM32F4xx_HAL_Driver/Src/stm32f4xx_hal_i2c.o
 .debug_str     0x000ea9de    0xc61de ./Drivers/STM32F4xx_HAL_Driver/Src/stm32f4xx_hal_iwdg.o
 .debug_str     0x000ea9de    0xc6649 ./Drivers/STM32F4xx_HAL_Driver/Src/stm32f4xx_hal_rcc.o
 .debug_str     0x000ea9de    0xc75b1 ./Drivers/STM32F4xx_HAL_Driver/Src/stm32f4xx_hal_tim.o
 .debug_str     0x000ea9de    0xc6dbd ./Drivers/STM32F4xx_HAL_Driver/Src/stm32f4xx_hal_tim_ex.o