../Core/Src/main.c:80:5:main	8	static
../Core/Src/main.c:137:6:SystemClock_Config	88	static
../Core/Src/main.c:180:13:MX_CAN1_Init	8	static
../Core/Src/main.c:217:13:MX_I2C1_Init	8	static
../Core/Src/main.c:251:13:MX_IWDG_Init	8	static
../Core/Src/main.c:279:13:MX_TIM3_Init	32	static
../Core/Src/main.c:327:13:MX_GPIO_Init	40	static
../Core/Src/main.c:376:6:HAL_TIM_PeriodElapsedCallback	16	static
../Core/Src/main.c:394:6:Error_Handler	4	static,ignoring_inline_asm
../Core/Src/main.c:413:6:assert_failed	16	static,ignoring_inline_asm
