../Core/Src/oled_display.c:64:26:oled_write_cmd	32	static
../Core/Src/oled_display.c:70:28:oled_find_glyph	24	static
../Core/Src/oled_display.c:87:13:oled_draw_char	32	static
../Core/Src/oled_display.c:105:13:oled_draw_string	24	static
../Core/Src/oled_display.c:121:13:oled_draw_bar	24	static
../Core/Src/oled_display.c:138:13:oled_clear_framebuffer	8	static
../Core/Src/oled_display.c:144:13:oled_flush	32	static
../Core/Src/oled_display.c:158:19:OLED_Init	24	static
../Core/Src/oled_display.c:194:20:oled_command_name	16	static
../Core/Src/oled_display.c:209:13:oled_format_u3	16	static
../Core/Src/oled_display.c:221:6:OLED_RenderSnapshot	104	static
