Archive member included to satisfy reference by file (symbol)

/opt/st/stm32cubeide_1.18.1/plugins/com.st.stm32cube.ide.mcu.externaltools.gnu-tools-for-stm32.13.3.rel1.linux64_1.0.0.202410170706/tools/bin/../lib/gcc/arm-none-eabi/13.3.1/../../../../arm-none-eabi/lib/thumb/v7e-m/nofp/libc_nano.a(libc_a-errno.o)
                              ./Core/Src/syscalls.o (__errno)
/opt/st/stm32cubeide_1.18.1/plugins/com.st.stm32cube.ide.mcu.externaltools.gnu-tools-for-stm32.13.3.rel1.linux64_1.0.0.202410170706/tools/bin/../lib/gcc/arm-none-eabi/13.3.1/../../../../arm-none-eabi/lib/thumb/v7e-m/nofp/libc_nano.a(libc_a-impure.o)
                              /opt/st/stm32cubeide_1.18.1/plugins/com.st.stm32cube.ide.mcu.externaltools.gnu-tools-for-stm32.13.3.rel1.linux64_1.0.0.202410170706/tools/bin/../lib/gcc/arm-none-eabi/13.3.1/../../../../arm-none-eabi/lib/thumb/v7e-m/nofp/libc_nano.a(libc_a-errno.o) (_impure_ptr)
/opt/st/stm32cubeide_1.18.1/plugins/com.st.stm32cube.ide.mcu.externaltools.gnu-tools-for-stm32.13.3.rel1.linux64_1.0.0.202410170706/tools/bin/../lib/gcc/arm-none-eabi/13.3.1/thumb/v7e-m/nofp/libgcc.a(_aeabi_uldivmod.o)
                              ./Drivers/STM32F4xx_HAL_Driver/Src/stm32f4xx_hal_rcc.o (__aeabi_uldivmod)
/opt/st/stm32cubeide_1.18.1/plugins/com.st.stm32cube.ide.mcu.externaltools.gnu-tools-for-stm32.13.3.rel1.linux64_1.0.0.202410170706/tools/bin/../lib/gcc/arm-none-eabi/13.3.1/thumb/v7e-m/nofp/libgcc.a(_udivmoddi4.o)
                              /opt/st/stm32cubeide_1.18.1/plugins/com.st.stm32cube.ide.mcu.externaltools.gnu-tools-for-stm32.13.3.rel1.linux64_1.0.0.202410170706/tools/bin/../lib/gcc/arm-none-eabi/13.3.1/thumb/v7e-m/nofp/libgcc.a(_aeabi_uldivmod.o) (__udivmoddi4)
/opt/st/stm32cubeide_1.18.1/plugins/com.st.stm32cube.ide.mcu.externaltools.gnu-tools-for-stm32.13.3.rel1.linux64_1.0.0.202410170706/tools/bin/../lib/gcc/arm-none-eabi/13.3.1/thumb/v7e-m/nofp/libgcc.a(_dvmd_tls.o)
                              /opt/st/stm32cubeide_1.18.1/plugins/com.st.stm32cube.ide.mcu.externaltools.gnu-tools-for-stm32.13.3.rel1.linux64_1.0.0.202410170706/tools/bin/../lib/gcc/arm-none-eabi/13.3.1/thumb/v7e-m/nofp/libgcc.a(_aeabi_uldivmod.o) (__aeabi_ldiv0)

Discarded input sections

 .group         0x00000000        0xc ./Core/Src/main.o
 .group         0x00000000        0xc ./Core/Src/main.o
 .group         0x00000000        0xc ./Core/Src/main.o
 .group         0x00000000        0xc ./Core/Src/main.o
 .group         0x00000000        0xc ./Core/Src/main.o
 .group         0x00000000        0xc ./Core/Src/main.o
 .group         0x00000000        0xc ./Core/Src/main.o
 .text          0x00000000        0x0 ./Core/Src/main.o
 .data          0x00000000        0x0 ./Core/Src/main.o
 .bss           0x00000000        0x0 ./Core/Src/main.o
 .comment       0x00000000       0x44 ./Core/Src/main.o
 .ARM.attributes
                0x00000000       0x2e ./Core/Src/main.o
 .group         0x00000000        0xc ./Core/Src/startup.o
 .group         0x00000000        0xc ./Core/Src/startup.o
 .group         0x00000000        0xc ./Core/Src/startup.o
 .group         0x00000000        0xc ./Core/Src/startup.o
 .group         0x00000000        0xc ./Core/Src/startup.o
 .group         0x00000000        0xc ./Core/Src/startup.o
 .group         0x00000000        0xc ./Core/Src/startup.o
 .text          0x00000000        0x0 ./Core/Src/startup.o
 .data          0x00000000        0x0 ./Core/Src/startup.o
 .bss           0x00000000        0x0 ./Core/Src/startup.o
 .debug_macro   0x00000000      0xacc ./Core/Src/startup.o
 .debug_macro   0x00000000       0x22 ./Core/Src/startup.o
 .debug_macro   0x00000000       0x8e ./Core/Src/startup.o
 .debug_macro   0x00000000       0x51 ./Core/Src/startup.o
 .debug_macro   0x00000000      0x103 ./Core/Src/startup.o
 .debug_macro   0x00000000       0x6a ./Core/Src/startup.o
 .debug_macro   0x00000000      0x1df ./Core/Src/startup.o
 .comment       0x00000000       0x44 ./Core/Src/startup.o
 .ARM.attributes
                0x00000000       0x2e ./Core/Src/startup.o
 .group         0x00000000        0xc ./Core/Src/stm32f4xx_hal_msp.o
 .group         0x00000000        0xc ./Core/Src/stm32f4xx_hal_msp.o
 .group         0x00000000        0xc ./Core/Src/stm32f4xx_hal_msp.o
 .group         0x00000000        0xc ./Core/Src/stm32f4xx_hal_msp.o
 .group         0x00000000        0xc ./Core/Src/stm32f4xx_hal_msp.o
 .group         0x00000000        0xc ./Core/Src/stm32f4xx_hal_msp.o
 .group         0x00000000        0xc ./Core/Src/stm32f4xx_hal_msp.o
 .group         0x00000000        0xc ./Core/Src/stm32f4xx_hal_msp.o
 .group         0x00000000        0xc ./Core/Src/stm32f4xx_hal_msp.o
 .group         0x00000000        0xc ./Core/Src/stm32f4xx_hal_msp.o
 .group         0x00000000        0xc ./Core/Src/stm32f4xx_hal_msp.o
 .group         0x00000000        0xc ./Core/Src/stm32f4xx_hal_msp.o
 .group         0x00000000        0xc ./Core/Src/stm32f4xx_hal_msp.o
[...]
Memory Configuration

Name             Origin             Length             Attributes
FLASH            0x08000000         0x00100000         xr
SRAM             0x20000000         0x00020000         xrw
CCMRAM           0x10000000         0x00010000         xrw
*default*        0x00000000         0xffffffff

Linker script and memory map

LOAD ./Core/Src/main.o
LOAD ./Core/Src/startup.o
LOAD ./Core/Src/stm32f4xx_hal_msp.o
LOAD ./Core/Src/syscalls.o
LOAD ./Core/Src/sysmem.o
LOAD ./Drivers/STM32F4xx_HAL_Driver/Src/stm32f4xx_hal.o
LOAD ./Drivers/STM32F4xx_HAL_Driver/Src/stm32f4xx_hal_cortex.o
LOAD ./Drivers/STM32F4xx_HAL_Driver/Src/stm32f4xx_hal_dma.o
LOAD ./Drivers/STM32F4xx_HAL_Driver/Src/stm32f4xx_hal_dma_ex.o
LOAD ./Drivers/STM32F4xx_HAL_Driver/Src/stm32f4xx_hal_exti.o
LOAD ./Drivers/STM32F4xx_HAL_Driver/Src/stm32f4xx_hal_flash.o
LOAD ./Drivers/STM32F4xx_HAL_Driver/Src/stm32f4xx_hal_flash_ex.o
LOAD ./Drivers/STM32F4xx_HAL_Driver/Src/stm32f4xx_hal_flash_ramfunc.o
LOAD ./Drivers/STM32F4xx_HAL_Driver/Src/stm32f4xx_hal_gpio.o
LOAD ./Drivers/STM32F4xx_HAL_Driver/Src/stm32f4xx_hal_pwr.o
LOAD ./Drivers/STM32F4xx_HAL_Driver/Src/stm32f4xx_hal_pwr_ex.o
LOAD ./Drivers/STM32F4xx_HAL_Driver/Src/stm32f4xx_hal_rcc.o
LOAD ./Drivers/STM32F4xx_HAL_Driver/Src/stm32f4xx_hal_rcc_ex.o
START GROUP
LOAD /opt/st/stm32cubeide_1.18.1/plugins/com.st.stm32cube.ide.mcu.externaltools.gnu-tools-for-stm32.13.3.rel1.linux64_1.0.0.202410170706/tools/bin/../lib/gcc/arm-none-eabi/13.3.1/../../../../arm-none-eabi/lib/thumb/v7e-m/nofp/libc_nano.a
LOAD /opt/st/stm32cubeide_1.18.1/plugins/com.st.stm32cube.ide.mcu.externaltools.gnu-tools-for-stm32.13.3.rel1.linux64_1.0.0.202410170706/tools/bin/../lib/gcc/arm-none-eabi/13.3.1/../../../../arm-none-eabi/lib/thumb/v7e-m/nofp/libm.a
END GROUP
START GROUP
LOAD /opt/st/stm32cubeide_1.18.1/plugins/com.st.stm32cube.ide.mcu.externaltools.gnu-tools-for-stm32.13.3.rel1.linux64_1.0.0.202410170706/tools/bin/../lib/gcc/arm-none-eabi/13.3.1/thumb/v7e-m/nofp/libgcc.a
LOAD /opt/st/stm32cubeide_1.18.1/plugins/com.st.stm32cube.ide.mcu.externaltools.gnu-tools-for-stm32.13.3.rel1.linux64_1.0.0.202410170706/tools/bin/../lib/gcc/arm-none-eabi/13.3.1/../../../../arm-none-eabi/lib/thumb/v7e-m/nofp/libc_nano.a
END GROUP
START GROUP
LOAD /opt/st/stm32cubeide_1.18.1/plugins/com.st.stm32cube.ide.mcu.externaltools.gnu-tools-for-stm32.13.3.rel1.linux64_1.0.0.202410170706/tools/bin/../lib/gcc/arm-none-eabi/13.3.1/thumb/v7e-m/nofp/libgcc.a
LOAD /opt/st/stm32cubeide_1.18.1/plugins/com.st.stm32cube.ide.mcu.externaltools.gnu-tools-for-stm32.13.3.rel1.linux64_1.0.0.202410170706/tools/bin/../lib/gcc/arm-none-eabi/13.3.1/../../../../arm-none-eabi/lib/thumb/v7e-m/nofp/libc_nano.a
LOAD /opt/st/stm32cubeide_1.18.1/plugins/com.st.stm32cube.ide.mcu.externaltools.gnu-tools-for-stm32.13.3.rel1.linux64_1.0.0.202410170706/tools/bin/../lib/gcc/arm-none-eabi/13.3.1/../../../../arm-none-eabi/lib/thumb/v7e-m/nofp/libnosys.a
END GROUP
START GROUP
LOAD /opt/st/stm32cubeide_1.18.1/plugins/com.st.stm32cube.ide.mcu.externaltools.gnu-tools-for-stm32.13.3.rel1.linux64_1.0.0.202410170706/tools/bin/../lib/gcc/arm-none-eabi/13.3.1/thumb/v7e-m/nofp/libgcc.a
LOAD /opt/st/stm32cubeide_1.18.1/plugins/com.st.stm32cube.ide.mcu.externaltools.gnu-tools-for-stm32.13.3.rel1.linux64_1.0.0.202410170706/tools/bin/../lib/gcc/arm-none-eabi/13.3.1/../../../../arm-none-eabi/lib/thumb/v7e-m/nofp/libc_nano.a
LOAD /opt/st/stm32cubeide_1.18.1/plugins/com.st.stm32cube.ide.mcu.externaltools.gnu-tools-for-stm32.13.3.rel1.linux64_1.0.0.202410170706/tools/bin/../lib/gcc/arm-none-eabi/13.3.1/../../../../arm-none-eabi/lib/thumb/v7e-m/nofp/libnosys.a
END GROUP
                0x00000800                        PUF_REGION_SIZE = 0x800
                0x20020000                        _estack = (ORIGIN (SRAM) + LENGTH (SRAM))

.isr_vector     0x08000000       0x40
                0x08000000                        . = ALIGN (0x4)
 *(.isr_vector)
 .isr_vector    0x08000000       0x40 ./Core/Src/startup.o
                0x08000000                vector_table
                0x08000040                        . = ALIGN (0x4)

.text           0x08000040      0x2a8
                0x08000040                        . = ALIGN (0x4)
 *(.text)
 *(.text*)
 .text.delay    0x08000040       0x22 ./Core/Src/main.o
 *fill*         0x08000062        0x2 
 .text.uart_send_str
                0x08000064       0x40 ./Core/Src/main.o
 .text.main     0x080000a4       0x58 ./Core/Src/main.o
                0x080000a4                main
 .text.uart_init_raw
                0x080000fc       0x8c ./Core/Src/startup.o
 .text.uart_send_byte
                0x08000188       0x30 ./Core/Src/startup.o
 .text.uart_send_str
                0x080001b8       0x2a ./Core/Src/startup.o
 *fill*         0x080001e2        0x2 
 .text.uart_flush
                0x080001e4       0x20 ./Core/Src/startup.o
 .text.puf_raw_dump
                0x08000204       0x54 ./Core/Src/startup.o
 .text.Reset_Handler
                0x08000258       0x60 ./Core/Src/startup.o
                0x08000258                Reset_Handler
 .text.Default_Handler
                0x080002b8        0x8 ./Core/Src/startup.o
                0x080002b8                DebugMon_Handler
                0x080002b8                HardFault_Handler
                0x080002b8                SysTick_Handler
                0x080002b8                PendSV_Handler
                0x080002b8                NMI_Handler
                0x080002b8                UsageFault_Handler
                0x080002b8                Default_Handler
                0x080002b8                MemManage_Handler
                0x080002b8                SVC_Handler
                0x080002b8                BusFault_Handler
 *(.rodata)
 .rodata        0x080002c0        0xf ./Core/Src/main.o
 *fill*         0x080002cf        0x1 
 .rodata        0x080002d0       0x15 ./Core/Src/startup.o
 *(.rodata*)
                0x080002e8                        . = ALIGN (0x4)
 *fill*         0x080002e5        0x3 
                0x080002e8                        _etext = .
                0x080002e8                        _sidata = LOADADDR (.data)

.glue_7         0x080002e8        0x0
 .glue_7        0x080002e8        0x0 linker stubs

.glue_7t        0x080002e8        0x0
 .glue_7t       0x080002e8        0x0 linker stubs

.vfp11_veneer   0x080002e8        0x0
 .vfp11_veneer  0x080002e8        0x0 linker stubs

.v4_bx          0x080002e8        0x0
 .v4_bx         0x080002e8        0x0 linker stubs

.iplt           0x080002e8        0x0
 .iplt          0x080002e8        0x0 ./Core/Src/main.o

.rel.dyn        0x080002e8        0x0
 .rel.iplt      0x080002e8        0x0 ./Core/Src/main.o

.data           0x20000000        0x0 load address 0x080002e8
                0x20000000                        . = ALIGN (0x4)
                0x20000000                        _sdata = .
 *(.data)
 *(.data*)
                0x20000000                        . = ALIGN (0x4)
                0x20000000                        _edata = .

.igot.plt       0x20000000        0x0
 .igot.plt      0x20000000        0x0 ./Core/Src/main.o

.bss            0x20000000        0x0
                0x20000000                        . = ALIGN (0x4)
                0x20000000                        _sbss = .
 *(.bss)
 *(.bss*)
 *(COMMON)
                0x20000000                        . = ALIGN (0x4)
                0x20000000                        _ebss = .

.puf_region     0x10000000      0x800
                0x10000000                        . = ALIGN (0x4)
                0x10000000                        _spuf = .
                0x10000800                        . = (. + PUF_REGION_SIZE)
 *fill*         0x10000000      0x800 
                0x10000800                        _epuf = .
                0x00000001                        ASSERT ((SIZEOF (.puf_region) == PUF_REGION_SIZE), PUF region size mismatch)
                0x10000800                        . = ALIGN (0x4)
                0x10000800                        _end = .

/DISCARD/
 *(.comment)
 *(.ARM.attributes)
OUTPUT(SRAM_PUF_Test.elf elf32-littlearm)
LOAD linker stubs

.debug_info     0x00000000      0x343
 .debug_info    0x00000000      0x110 ./Core/Src/main.o
 .debug_info    0x00000110      0x233 ./Core/Src/startup.o

.debug_abbrev   0x00000000      0x1fe
 .debug_abbrev  0x00000000       0xaf ./Core/Src/main.o
 .debug_abbrev  0x000000af      0x14f ./Core/Src/startup.o

.debug_aranges  0x00000000       0x80
 .debug_aranges
                0x00000000       0x30 ./Core/Src/main.o
 .debug_aranges
                0x00000030       0x50 ./Core/Src/startup.o

.debug_rnglists
                0x00000000       0x57
 .debug_rnglists
                0x00000000       0x1f ./Core/Src/main.o
 .debug_rnglists
                0x0000001f       0x38 ./Core/Src/startup.o

.debug_macro    0x00000000     0x1075
 .debug_macro   0x00000000       0x81 ./Core/Src/main.o
 .debug_macro   0x00000081      0xacc ./Core/Src/main.o
 .debug_macro   0x00000b4d       0x22 ./Core/Src/main.o
 .debug_macro   0x00000b6f       0x8e ./Core/Src/main.o
 .debug_macro   0x00000bfd       0x51 ./Core/Src/main.o
 .debug_macro   0x00000c4e      0x103 ./Core/Src/main.o
 .debug_macro   0x00000d51       0x6a ./Core/Src/main.o
 .debug_macro   0x00000dbb      0x1df ./Core/Src/main.o
 .debug_macro   0x00000f9a       0xdb ./Core/Src/startup.o

.debug_line     0x00000000      0x898
 .debug_line    0x00000000      0x3d7 ./Core/Src/main.o
 .debug_line    0x000003d7      0x4c1 ./Core/Src/startup.o

.debug_str      0x00000000     0x4113
 .debug_str     0x00000000     0x4113 ./Core/Src/main.o
                               0x3ebe (size before relaxing)
 .debug_str     0x00004113     0x414a ./Core/Src/startup.o

.debug_frame    0x00000000      0x174
 .debug_frame   0x00000000       0x7c ./Core/Src/main.o
 .debug_frame   0x0000007c       0xf8 ./Core/Src/startup.o
